#-----------------------------------------------------------
# Vivado v2020.1 (64-bit)
# SW Build 2902540 on Wed May 27 19:54:49 MDT 2020
# IP Build 2902112 on Wed May 27 22:43:36 MDT 2020
# Start of session at: Fri Aug  9 13:34:33 2024
# Process ID: 13628
# Current directory: C:/Users/Purcell/Documents/RedPitayaPractice/FastReadout/Pulse-counting/Frequency_counter/tmp/freq
# Command line: vivado.exe -gui_launcher_event rodinguilauncherevent34056 C:\Users\Purcell\Documents\RedPitayaPractice\FastReadout\Pulse-counting\Frequency_counter\tmp\freq\freq.xpr
# Log file: C:/Users/Purcell/Documents/RedPitayaPractice/FastReadout/Pulse-counting/Frequency_counter/tmp/freq/vivado.log
# Journal file: C:/Users/Purcell/Documents/RedPitayaPractice/FastReadout/Pulse-counting/Frequency_counter/tmp/freq\vivado.jou
#-----------------------------------------------------------
start_gui
open_project C:/Users/Purcell/Documents/RedPitayaPractice/FastReadout/Pulse-counting/Frequency_counter/tmp/freq/freq.xpr
update_compile_order -fileset sources_1
