Copyright 1986-2020 Xilinx, Inc. All Rights Reserved.
--------------------------------------------------------------------------------------------------------------------------------------------------------------------------------
| Tool Version : Vivado v.2020.1 (win64) Build 2902540 Wed May 27 19:54:49 MDT 2020
| Date         : Wed Oct 15 18:55:41 2025
| Host         : DESKTOP-RDVR7FP running 64-bit major release  (build 9200)
| Command      : report_methodology -file system_wrapper_methodology_drc_routed.rpt -pb system_wrapper_methodology_drc_routed.pb -rpx system_wrapper_methodology_drc_routed.rpx
| Design       : system_wrapper
| Device       : xc7z010clg400-1
| Speed File   : -1
| Design State : Fully Routed
--------------------------------------------------------------------------------------------------------------------------------------------------------------------------------

Report Methodology

Table of Contents
-----------------
1. REPORT SUMMARY
2. REPORT DETAILS

1. REPORT SUMMARY
-----------------
            Netlist: netlist
          Floorplan: design_1
      Design limits: <entire design considered>
             Max violations: <unlimited>
             Violations found: 187
+-----------+------------------+----------------------------------------------------+------------+
| Rule      | Severity         | Description                                        | Violations |
+-----------+------------------+----------------------------------------------------+------------+
| TIMING-4  | Critical Warning | Invalid primary clock redefinition on a clock tree | 1          |
| TIMING-6  | Critical Warning | No common primary clock between related clocks     | 1          |
| TIMING-7  | Critical Warning | No common node between related clocks              | 1          |
| TIMING-27 | Critical Warning | Invalid primary clock on hierarchical pin          | 1          |
| TIMING-16 | Warning          | Large setup violation                              | 129        |
| TIMING-18 | Warning          | Missing input or output delay                      | 50         |
| XDCC-5    | Warning          | User Non-Timing constraint/property overwritten    | 4          |
+-----------+------------------+----------------------------------------------------+------------+

2. REPORT DETAILS
-----------------
TIMING-4#1 Critical Warning
Invalid primary clock redefinition on a clock tree  
Invalid clock redefinition on a clock tree. The primary clock system_i/signal_gen/clk_wiz_0/inst/clk_in1 is defined downstream of clock adc_clk and overrides its insertion delay and/or waveform definition
Related violations: <none>

TIMING-6#1 Critical Warning
No common primary clock between related clocks  
The clocks clk_fpga_0 and adc_clk are related (timed together) but they have no common primary clock. The design could fail in hardware. To find a timing path between these clocks, run the following command: report_timing -from [get_clocks clk_fpga_0] -to [get_clocks adc_clk]
Related violations: <none>

TIMING-7#1 Critical Warning
No common node between related clocks  
The clocks clk_fpga_0 and adc_clk are related (timed together) but they have no common node. The design could fail in hardware. To find a timing path between these clocks, run the following command: report_timing -from [get_clocks clk_fpga_0] -to [get_clocks adc_clk]
Related violations: <none>

TIMING-27#1 Critical Warning
Invalid primary clock on hierarchical pin  
A primary clock system_i/signal_gen/clk_wiz_0/inst/clk_in1 is created on an inappropriate internal pin system_i/signal_gen/clk_wiz_0/inst/clk_in1. It is not recommended to create a primary clock on a hierarchical pin when its driver pin has a fanout connected to multiple clock pins
Related violations: <none>

TIMING-16#1 Warning
Large setup violation  
There is a large setup violation of -1.699 ns between system_i/DataAcquisition/axis_red_pitaya_adc_0/inst/int_dat_b_reg_reg[4]/C (clocked by adc_clk) and system_i/FrequencyCounter/frequency_counter_0/inst/clock_counter_reg[0]/D (clocked by adc_clk). Large setup violations at the end of those stages might be difficult to fix during the post-placement implementation flow and could be the result of non-optimal XDC constraints or non-optimal design architecture
Related violations: <none>

TIMING-16#2 Warning
Large setup violation  
There is a large setup violation of -1.876 ns between system_i/DataAcquisition/axis_red_pitaya_adc_0/inst/int_dat_b_reg_reg[4]/C (clocked by adc_clk) and system_i/FrequencyCounter/frequency_counter_0/inst/clock_counter_reg[1]/D (clocked by adc_clk). Large setup violations at the end of those stages might be difficult to fix during the post-placement implementation flow and could be the result of non-optimal XDC constraints or non-optimal design architecture
Related violations: <none>

TIMING-16#3 Warning
Large setup violation  
There is a large setup violation of -1.999 ns between system_i/DataAcquisition/axis_red_pitaya_adc_0/inst/int_dat_b_reg_reg[4]/C (clocked by adc_clk) and system_i/FrequencyCounter/frequency_counter_0/inst/clock_counter_reg[2]/D (clocked by adc_clk). Large setup violations at the end of those stages might be difficult to fix during the post-placement implementation flow and could be the result of non-optimal XDC constraints or non-optimal design architecture
Related violations: <none>

TIMING-16#4 Warning
Large setup violation  
There is a large setup violation of -2.058 ns between system_i/DataAcquisition/axis_red_pitaya_adc_0/inst/int_dat_b_reg_reg[4]/C (clocked by adc_clk) and system_i/FrequencyCounter/frequency_counter_0/inst/clock_counter_reg[3]/D (clocked by adc_clk). Large setup violations at the end of those stages might be difficult to fix during the post-placement implementation flow and could be the result of non-optimal XDC constraints or non-optimal design architecture
Related violations: <none>

TIMING-16#5 Warning
Large setup violation  
There is a large setup violation of -2.206 ns between system_i/DataAcquisition/axis_red_pitaya_adc_0/inst/int_dat_b_reg_reg[4]/C (clocked by adc_clk) and system_i/FrequencyCounter/frequency_counter_0/inst/clock_counter_reg[4]/D (clocked by adc_clk). Large setup violations at the end of those stages might be difficult to fix during the post-placement implementation flow and could be the result of non-optimal XDC constraints or non-optimal design architecture
Related violations: <none>

TIMING-16#6 Warning
Large setup violation  
There is a large setup violation of -2.222 ns between system_i/DataAcquisition/axis_red_pitaya_adc_0/inst/int_dat_b_reg_reg[4]/C (clocked by adc_clk) and system_i/FrequencyCounter/frequency_counter_0/inst/clock_counter_reg[6]/D (clocked by adc_clk). Large setup violations at the end of those stages might be difficult to fix during the post-placement implementation flow and could be the result of non-optimal XDC constraints or non-optimal design architecture
Related violations: <none>

TIMING-16#7 Warning
Large setup violation  
There is a large setup violation of -2.296 ns between system_i/DataAcquisition/axis_red_pitaya_adc_0/inst/int_dat_b_reg_reg[4]/C (clocked by adc_clk) and system_i/FrequencyCounter/frequency_counter_0/inst/clock_counter_reg[7]/D (clocked by adc_clk). Large setup violations at the end of those stages might be difficult to fix during the post-placement implementation flow and could be the result of non-optimal XDC constraints or non-optimal design architecture
Related violations: <none>

TIMING-16#8 Warning
Large setup violation  
There is a large setup violation of -2.317 ns between system_i/DataAcquisition/axis_red_pitaya_adc_0/inst/int_dat_b_reg_reg[4]/C (clocked by adc_clk) and system_i/FrequencyCounter/frequency_counter_0/inst/clock_counter_reg[5]/D (clocked by adc_clk). Large setup violations at the end of those stages might be difficult to fix during the post-placement implementation flow and could be the result of non-optimal XDC constraints or non-optimal design architecture
Related violations: <none>

TIMING-16#9 Warning
Large setup violation  
There is a large setup violation of -2.319 ns between system_i/DataAcquisition/axis_red_pitaya_adc_0/inst/int_dat_b_reg_reg[4]/C (clocked by adc_clk) and system_i/FrequencyCounter/frequency_counter_0/inst/clock_counter_reg[8]/D (clocked by adc_clk). Large setup violations at the end of those stages might be difficult to fix during the post-placement implementation flow and could be the result of non-optimal XDC constraints or non-optimal design architecture
Related violations: <none>

TIMING-16#10 Warning
Large setup violation  
There is a large setup violation of -2.335 ns between system_i/DataAcquisition/axis_red_pitaya_adc_0/inst/int_dat_b_reg_reg[4]/C (clocked by adc_clk) and system_i/FrequencyCounter/frequency_counter_0/inst/clock_counter_reg[10]/D (clocked by adc_clk). Large setup violations at the end of those stages might be difficult to fix during the post-placement implementation flow and could be the result of non-optimal XDC constraints or non-optimal design architecture
Related violations: <none>

TIMING-16#11 Warning
Large setup violation  
There is a large setup violation of -2.409 ns between system_i/DataAcquisition/axis_red_pitaya_adc_0/inst/int_dat_b_reg_reg[4]/C (clocked by adc_clk) and system_i/FrequencyCounter/frequency_counter_0/inst/clock_counter_reg[11]/D (clocked by adc_clk). Large setup violations at the end of those stages might be difficult to fix during the post-placement implementation flow and could be the result of non-optimal XDC constraints or non-optimal design architecture
Related violations: <none>

TIMING-16#12 Warning
Large setup violation  
There is a large setup violation of -2.430 ns between system_i/DataAcquisition/axis_red_pitaya_adc_0/inst/int_dat_b_reg_reg[4]/C (clocked by adc_clk) and system_i/FrequencyCounter/frequency_counter_0/inst/clock_counter_reg[9]/D (clocked by adc_clk). Large setup violations at the end of those stages might be difficult to fix during the post-placement implementation flow and could be the result of non-optimal XDC constraints or non-optimal design architecture
Related violations: <none>

TIMING-16#13 Warning
Large setup violation  
There is a large setup violation of -2.432 ns between system_i/DataAcquisition/axis_red_pitaya_adc_0/inst/int_dat_b_reg_reg[4]/C (clocked by adc_clk) and system_i/FrequencyCounter/frequency_counter_0/inst/clock_counter_reg[12]/D (clocked by adc_clk). Large setup violations at the end of those stages might be difficult to fix during the post-placement implementation flow and could be the result of non-optimal XDC constraints or non-optimal design architecture
Related violations: <none>

TIMING-16#14 Warning
Large setup violation  
There is a large setup violation of -2.448 ns between system_i/DataAcquisition/axis_red_pitaya_adc_0/inst/int_dat_b_reg_reg[4]/C (clocked by adc_clk) and system_i/FrequencyCounter/frequency_counter_0/inst/clock_counter_reg[14]/D (clocked by adc_clk). Large setup violations at the end of those stages might be difficult to fix during the post-placement implementation flow and could be the result of non-optimal XDC constraints or non-optimal design architecture
Related violations: <none>

TIMING-16#15 Warning
Large setup violation  
There is a large setup violation of -2.522 ns between system_i/DataAcquisition/axis_red_pitaya_adc_0/inst/int_dat_b_reg_reg[4]/C (clocked by adc_clk) and system_i/FrequencyCounter/frequency_counter_0/inst/clock_counter_reg[15]/D (clocked by adc_clk). Large setup violations at the end of those stages might be difficult to fix during the post-placement implementation flow and could be the result of non-optimal XDC constraints or non-optimal design architecture
Related violations: <none>

TIMING-16#16 Warning
Large setup violation  
There is a large setup violation of -2.543 ns between system_i/DataAcquisition/axis_red_pitaya_adc_0/inst/int_dat_b_reg_reg[4]/C (clocked by adc_clk) and system_i/FrequencyCounter/frequency_counter_0/inst/clock_counter_reg[13]/D (clocked by adc_clk). Large setup violations at the end of those stages might be difficult to fix during the post-placement implementation flow and could be the result of non-optimal XDC constraints or non-optimal design architecture
Related violations: <none>

TIMING-16#17 Warning
Large setup violation  
There is a large setup violation of -2.546 ns between system_i/DataAcquisition/axis_red_pitaya_adc_0/inst/int_dat_b_reg_reg[4]/C (clocked by adc_clk) and system_i/FrequencyCounter/frequency_counter_0/inst/clock_counter_reg[16]/D (clocked by adc_clk). Large setup violations at the end of those stages might be difficult to fix during the post-placement implementation flow and could be the result of non-optimal XDC constraints or non-optimal design architecture
Related violations: <none>

TIMING-16#18 Warning
Large setup violation  
There is a large setup violation of -2.562 ns between system_i/DataAcquisition/axis_red_pitaya_adc_0/inst/int_dat_b_reg_reg[4]/C (clocked by adc_clk) and system_i/FrequencyCounter/frequency_counter_0/inst/clock_counter_reg[18]/D (clocked by adc_clk). Large setup violations at the end of those stages might be difficult to fix during the post-placement implementation flow and could be the result of non-optimal XDC constraints or non-optimal design architecture
Related violations: <none>

TIMING-16#19 Warning
Large setup violation  
There is a large setup violation of -2.636 ns between system_i/DataAcquisition/axis_red_pitaya_adc_0/inst/int_dat_b_reg_reg[4]/C (clocked by adc_clk) and system_i/FrequencyCounter/frequency_counter_0/inst/clock_counter_reg[19]/D (clocked by adc_clk). Large setup violations at the end of those stages might be difficult to fix during the post-placement implementation flow and could be the result of non-optimal XDC constraints or non-optimal design architecture
Related violations: <none>

TIMING-16#20 Warning
Large setup violation  
There is a large setup violation of -2.657 ns between system_i/DataAcquisition/axis_red_pitaya_adc_0/inst/int_dat_b_reg_reg[4]/C (clocked by adc_clk) and system_i/FrequencyCounter/frequency_counter_0/inst/clock_counter_reg[17]/D (clocked by adc_clk). Large setup violations at the end of those stages might be difficult to fix during the post-placement implementation flow and could be the result of non-optimal XDC constraints or non-optimal design architecture
Related violations: <none>

TIMING-16#21 Warning
Large setup violation  
There is a large setup violation of -2.659 ns between system_i/DataAcquisition/axis_red_pitaya_adc_0/inst/int_dat_b_reg_reg[4]/C (clocked by adc_clk) and system_i/FrequencyCounter/frequency_counter_0/inst/clock_counter_reg[20]/D (clocked by adc_clk). Large setup violations at the end of those stages might be difficult to fix during the post-placement implementation flow and could be the result of non-optimal XDC constraints or non-optimal design architecture
Related violations: <none>

TIMING-16#22 Warning
Large setup violation  
There is a large setup violation of -2.675 ns between system_i/DataAcquisition/axis_red_pitaya_adc_0/inst/int_dat_b_reg_reg[4]/C (clocked by adc_clk) and system_i/FrequencyCounter/frequency_counter_0/inst/clock_counter_reg[22]/D (clocked by adc_clk). Large setup violations at the end of those stages might be difficult to fix during the post-placement implementation flow and could be the result of non-optimal XDC constraints or non-optimal design architecture
Related violations: <none>

TIMING-16#23 Warning
Large setup violation  
There is a large setup violation of -2.749 ns between system_i/DataAcquisition/axis_red_pitaya_adc_0/inst/int_dat_b_reg_reg[4]/C (clocked by adc_clk) and system_i/FrequencyCounter/frequency_counter_0/inst/clock_counter_reg[23]/D (clocked by adc_clk). Large setup violations at the end of those stages might be difficult to fix during the post-placement implementation flow and could be the result of non-optimal XDC constraints or non-optimal design architecture
Related violations: <none>

TIMING-16#24 Warning
Large setup violation  
There is a large setup violation of -2.766 ns between system_i/DataAcquisition/axis_red_pitaya_adc_0/inst/int_dat_b_reg_reg[4]/C (clocked by adc_clk) and system_i/FrequencyCounter/frequency_counter_0/inst/counter_output_reg[28]/R (clocked by adc_clk). Large setup violations at the end of those stages might be difficult to fix during the post-placement implementation flow and could be the result of non-optimal XDC constraints or non-optimal design architecture
Related violations: <none>

TIMING-16#25 Warning
Large setup violation  
There is a large setup violation of -2.766 ns between system_i/DataAcquisition/axis_red_pitaya_adc_0/inst/int_dat_b_reg_reg[4]/C (clocked by adc_clk) and system_i/FrequencyCounter/frequency_counter_0/inst/counter_output_reg[29]/R (clocked by adc_clk). Large setup violations at the end of those stages might be difficult to fix during the post-placement implementation flow and could be the result of non-optimal XDC constraints or non-optimal design architecture
Related violations: <none>

TIMING-16#26 Warning
Large setup violation  
There is a large setup violation of -2.766 ns between system_i/DataAcquisition/axis_red_pitaya_adc_0/inst/int_dat_b_reg_reg[4]/C (clocked by adc_clk) and system_i/FrequencyCounter/frequency_counter_0/inst/counter_output_reg[30]/R (clocked by adc_clk). Large setup violations at the end of those stages might be difficult to fix during the post-placement implementation flow and could be the result of non-optimal XDC constraints or non-optimal design architecture
Related violations: <none>

TIMING-16#27 Warning
Large setup violation  
There is a large setup violation of -2.766 ns between system_i/DataAcquisition/axis_red_pitaya_adc_0/inst/int_dat_b_reg_reg[4]/C (clocked by adc_clk) and system_i/FrequencyCounter/frequency_counter_0/inst/counter_output_reg[31]/R (clocked by adc_clk). Large setup violations at the end of those stages might be difficult to fix during the post-placement implementation flow and could be the result of non-optimal XDC constraints or non-optimal design architecture
Related violations: <none>

TIMING-16#28 Warning
Large setup violation  
There is a large setup violation of -2.770 ns between system_i/DataAcquisition/axis_red_pitaya_adc_0/inst/int_dat_b_reg_reg[4]/C (clocked by adc_clk) and system_i/FrequencyCounter/frequency_counter_0/inst/clock_counter_reg[21]/D (clocked by adc_clk). Large setup violations at the end of those stages might be difficult to fix during the post-placement implementation flow and could be the result of non-optimal XDC constraints or non-optimal design architecture
Related violations: <none>

TIMING-16#29 Warning
Large setup violation  
There is a large setup violation of -2.772 ns between system_i/DataAcquisition/axis_red_pitaya_adc_0/inst/int_dat_b_reg_reg[4]/C (clocked by adc_clk) and system_i/FrequencyCounter/frequency_counter_0/inst/clock_counter_reg[24]/D (clocked by adc_clk). Large setup violations at the end of those stages might be difficult to fix during the post-placement implementation flow and could be the result of non-optimal XDC constraints or non-optimal design architecture
Related violations: <none>

TIMING-16#30 Warning
Large setup violation  
There is a large setup violation of -2.775 ns between system_i/DataAcquisition/axis_red_pitaya_adc_0/inst/int_dat_b_reg_reg[4]/C (clocked by adc_clk) and system_i/FrequencyCounter/frequency_counter_0/inst/counter1_output_reg[12]/R (clocked by adc_clk). Large setup violations at the end of those stages might be difficult to fix during the post-placement implementation flow and could be the result of non-optimal XDC constraints or non-optimal design architecture
Related violations: <none>

TIMING-16#31 Warning
Large setup violation  
There is a large setup violation of -2.775 ns between system_i/DataAcquisition/axis_red_pitaya_adc_0/inst/int_dat_b_reg_reg[4]/C (clocked by adc_clk) and system_i/FrequencyCounter/frequency_counter_0/inst/counter1_output_reg[13]/R (clocked by adc_clk). Large setup violations at the end of those stages might be difficult to fix during the post-placement implementation flow and could be the result of non-optimal XDC constraints or non-optimal design architecture
Related violations: <none>

TIMING-16#32 Warning
Large setup violation  
There is a large setup violation of -2.775 ns between system_i/DataAcquisition/axis_red_pitaya_adc_0/inst/int_dat_b_reg_reg[4]/C (clocked by adc_clk) and system_i/FrequencyCounter/frequency_counter_0/inst/counter1_output_reg[14]/R (clocked by adc_clk). Large setup violations at the end of those stages might be difficult to fix during the post-placement implementation flow and could be the result of non-optimal XDC constraints or non-optimal design architecture
Related violations: <none>

TIMING-16#33 Warning
Large setup violation  
There is a large setup violation of -2.775 ns between system_i/DataAcquisition/axis_red_pitaya_adc_0/inst/int_dat_b_reg_reg[4]/C (clocked by adc_clk) and system_i/FrequencyCounter/frequency_counter_0/inst/counter1_output_reg[15]/R (clocked by adc_clk). Large setup violations at the end of those stages might be difficult to fix during the post-placement implementation flow and could be the result of non-optimal XDC constraints or non-optimal design architecture
Related violations: <none>

TIMING-16#34 Warning
Large setup violation  
There is a large setup violation of -2.775 ns between system_i/DataAcquisition/axis_red_pitaya_adc_0/inst/int_dat_b_reg_reg[4]/C (clocked by adc_clk) and system_i/FrequencyCounter/frequency_counter_0/inst/counter_output_reg[4]/R (clocked by adc_clk). Large setup violations at the end of those stages might be difficult to fix during the post-placement implementation flow and could be the result of non-optimal XDC constraints or non-optimal design architecture
Related violations: <none>

TIMING-16#35 Warning
Large setup violation  
There is a large setup violation of -2.775 ns between system_i/DataAcquisition/axis_red_pitaya_adc_0/inst/int_dat_b_reg_reg[4]/C (clocked by adc_clk) and system_i/FrequencyCounter/frequency_counter_0/inst/counter_output_reg[5]/R (clocked by adc_clk). Large setup violations at the end of those stages might be difficult to fix during the post-placement implementation flow and could be the result of non-optimal XDC constraints or non-optimal design architecture
Related violations: <none>

TIMING-16#36 Warning
Large setup violation  
There is a large setup violation of -2.775 ns between system_i/DataAcquisition/axis_red_pitaya_adc_0/inst/int_dat_b_reg_reg[4]/C (clocked by adc_clk) and system_i/FrequencyCounter/frequency_counter_0/inst/counter_output_reg[6]/R (clocked by adc_clk). Large setup violations at the end of those stages might be difficult to fix during the post-placement implementation flow and could be the result of non-optimal XDC constraints or non-optimal design architecture
Related violations: <none>

TIMING-16#37 Warning
Large setup violation  
There is a large setup violation of -2.775 ns between system_i/DataAcquisition/axis_red_pitaya_adc_0/inst/int_dat_b_reg_reg[4]/C (clocked by adc_clk) and system_i/FrequencyCounter/frequency_counter_0/inst/counter_output_reg[7]/R (clocked by adc_clk). Large setup violations at the end of those stages might be difficult to fix during the post-placement implementation flow and could be the result of non-optimal XDC constraints or non-optimal design architecture
Related violations: <none>

TIMING-16#38 Warning
Large setup violation  
There is a large setup violation of -2.779 ns between system_i/DataAcquisition/axis_red_pitaya_adc_0/inst/int_dat_b_reg_reg[4]/C (clocked by adc_clk) and system_i/FrequencyCounter/frequency_counter_0/inst/counter2_output_reg[28]/R (clocked by adc_clk). Large setup violations at the end of those stages might be difficult to fix during the post-placement implementation flow and could be the result of non-optimal XDC constraints or non-optimal design architecture
Related violations: <none>

TIMING-16#39 Warning
Large setup violation  
There is a large setup violation of -2.779 ns between system_i/DataAcquisition/axis_red_pitaya_adc_0/inst/int_dat_b_reg_reg[4]/C (clocked by adc_clk) and system_i/FrequencyCounter/frequency_counter_0/inst/counter2_output_reg[29]/R (clocked by adc_clk). Large setup violations at the end of those stages might be difficult to fix during the post-placement implementation flow and could be the result of non-optimal XDC constraints or non-optimal design architecture
Related violations: <none>

TIMING-16#40 Warning
Large setup violation  
There is a large setup violation of -2.779 ns between system_i/DataAcquisition/axis_red_pitaya_adc_0/inst/int_dat_b_reg_reg[4]/C (clocked by adc_clk) and system_i/FrequencyCounter/frequency_counter_0/inst/counter2_output_reg[30]/R (clocked by adc_clk). Large setup violations at the end of those stages might be difficult to fix during the post-placement implementation flow and could be the result of non-optimal XDC constraints or non-optimal design architecture
Related violations: <none>

TIMING-16#41 Warning
Large setup violation  
There is a large setup violation of -2.779 ns between system_i/DataAcquisition/axis_red_pitaya_adc_0/inst/int_dat_b_reg_reg[4]/C (clocked by adc_clk) and system_i/FrequencyCounter/frequency_counter_0/inst/counter2_output_reg[31]/R (clocked by adc_clk). Large setup violations at the end of those stages might be difficult to fix during the post-placement implementation flow and could be the result of non-optimal XDC constraints or non-optimal design architecture
Related violations: <none>

TIMING-16#42 Warning
Large setup violation  
There is a large setup violation of -2.779 ns between system_i/DataAcquisition/axis_red_pitaya_adc_0/inst/int_dat_b_reg_reg[4]/C (clocked by adc_clk) and system_i/FrequencyCounter/frequency_counter_0/inst/counter_output_reg[0]/R (clocked by adc_clk). Large setup violations at the end of those stages might be difficult to fix during the post-placement implementation flow and could be the result of non-optimal XDC constraints or non-optimal design architecture
Related violations: <none>

TIMING-16#43 Warning
Large setup violation  
There is a large setup violation of -2.779 ns between system_i/DataAcquisition/axis_red_pitaya_adc_0/inst/int_dat_b_reg_reg[4]/C (clocked by adc_clk) and system_i/FrequencyCounter/frequency_counter_0/inst/counter_output_reg[1]/R (clocked by adc_clk). Large setup violations at the end of those stages might be difficult to fix during the post-placement implementation flow and could be the result of non-optimal XDC constraints or non-optimal design architecture
Related violations: <none>

TIMING-16#44 Warning
Large setup violation  
There is a large setup violation of -2.779 ns between system_i/DataAcquisition/axis_red_pitaya_adc_0/inst/int_dat_b_reg_reg[4]/C (clocked by adc_clk) and system_i/FrequencyCounter/frequency_counter_0/inst/counter_output_reg[2]/R (clocked by adc_clk). Large setup violations at the end of those stages might be difficult to fix during the post-placement implementation flow and could be the result of non-optimal XDC constraints or non-optimal design architecture
Related violations: <none>

TIMING-16#45 Warning
Large setup violation  
There is a large setup violation of -2.779 ns between system_i/DataAcquisition/axis_red_pitaya_adc_0/inst/int_dat_b_reg_reg[4]/C (clocked by adc_clk) and system_i/FrequencyCounter/frequency_counter_0/inst/counter_output_reg[3]/R (clocked by adc_clk). Large setup violations at the end of those stages might be difficult to fix during the post-placement implementation flow and could be the result of non-optimal XDC constraints or non-optimal design architecture
Related violations: <none>

TIMING-16#46 Warning
Large setup violation  
There is a large setup violation of -2.788 ns between system_i/DataAcquisition/axis_red_pitaya_adc_0/inst/int_dat_b_reg_reg[4]/C (clocked by adc_clk) and system_i/FrequencyCounter/frequency_counter_0/inst/clock_counter_reg[26]/D (clocked by adc_clk). Large setup violations at the end of those stages might be difficult to fix during the post-placement implementation flow and could be the result of non-optimal XDC constraints or non-optimal design architecture
Related violations: <none>

TIMING-16#47 Warning
Large setup violation  
There is a large setup violation of -2.861 ns between system_i/DataAcquisition/axis_red_pitaya_adc_0/inst/int_dat_b_reg_reg[4]/C (clocked by adc_clk) and system_i/FrequencyCounter/frequency_counter_0/inst/counter_output_reg[12]/R (clocked by adc_clk). Large setup violations at the end of those stages might be difficult to fix during the post-placement implementation flow and could be the result of non-optimal XDC constraints or non-optimal design architecture
Related violations: <none>

TIMING-16#48 Warning
Large setup violation  
There is a large setup violation of -2.861 ns between system_i/DataAcquisition/axis_red_pitaya_adc_0/inst/int_dat_b_reg_reg[4]/C (clocked by adc_clk) and system_i/FrequencyCounter/frequency_counter_0/inst/counter_output_reg[13]/R (clocked by adc_clk). Large setup violations at the end of those stages might be difficult to fix during the post-placement implementation flow and could be the result of non-optimal XDC constraints or non-optimal design architecture
Related violations: <none>

TIMING-16#49 Warning
Large setup violation  
There is a large setup violation of -2.861 ns between system_i/DataAcquisition/axis_red_pitaya_adc_0/inst/int_dat_b_reg_reg[4]/C (clocked by adc_clk) and system_i/FrequencyCounter/frequency_counter_0/inst/counter_output_reg[14]/R (clocked by adc_clk). Large setup violations at the end of those stages might be difficult to fix during the post-placement implementation flow and could be the result of non-optimal XDC constraints or non-optimal design architecture
Related violations: <none>

TIMING-16#50 Warning
Large setup violation  
There is a large setup violation of -2.861 ns between system_i/DataAcquisition/axis_red_pitaya_adc_0/inst/int_dat_b_reg_reg[4]/C (clocked by adc_clk) and system_i/FrequencyCounter/frequency_counter_0/inst/counter_output_reg[15]/R (clocked by adc_clk). Large setup violations at the end of those stages might be difficult to fix during the post-placement implementation flow and could be the result of non-optimal XDC constraints or non-optimal design architecture
Related violations: <none>

TIMING-16#51 Warning
Large setup violation  
There is a large setup violation of -2.862 ns between system_i/DataAcquisition/axis_red_pitaya_adc_0/inst/int_dat_b_reg_reg[4]/C (clocked by adc_clk) and system_i/FrequencyCounter/frequency_counter_0/inst/clock_counter_reg[27]/D (clocked by adc_clk). Large setup violations at the end of those stages might be difficult to fix during the post-placement implementation flow and could be the result of non-optimal XDC constraints or non-optimal design architecture
Related violations: <none>

TIMING-16#52 Warning
Large setup violation  
There is a large setup violation of -2.883 ns between system_i/DataAcquisition/axis_red_pitaya_adc_0/inst/int_dat_b_reg_reg[4]/C (clocked by adc_clk) and system_i/FrequencyCounter/frequency_counter_0/inst/clock_counter_reg[25]/D (clocked by adc_clk). Large setup violations at the end of those stages might be difficult to fix during the post-placement implementation flow and could be the result of non-optimal XDC constraints or non-optimal design architecture
Related violations: <none>

TIMING-16#53 Warning
Large setup violation  
There is a large setup violation of -2.885 ns between system_i/DataAcquisition/axis_red_pitaya_adc_0/inst/int_dat_b_reg_reg[4]/C (clocked by adc_clk) and system_i/FrequencyCounter/frequency_counter_0/inst/clock_counter_reg[28]/D (clocked by adc_clk). Large setup violations at the end of those stages might be difficult to fix during the post-placement implementation flow and could be the result of non-optimal XDC constraints or non-optimal design architecture
Related violations: <none>

TIMING-16#54 Warning
Large setup violation  
There is a large setup violation of -2.901 ns between system_i/DataAcquisition/axis_red_pitaya_adc_0/inst/int_dat_b_reg_reg[4]/C (clocked by adc_clk) and system_i/FrequencyCounter/frequency_counter_0/inst/clock_counter_reg[30]/D (clocked by adc_clk). Large setup violations at the end of those stages might be difficult to fix during the post-placement implementation flow and could be the result of non-optimal XDC constraints or non-optimal design architecture
Related violations: <none>

TIMING-16#55 Warning
Large setup violation  
There is a large setup violation of -2.903 ns between system_i/DataAcquisition/axis_red_pitaya_adc_0/inst/int_dat_b_reg_reg[4]/C (clocked by adc_clk) and system_i/FrequencyCounter/frequency_counter_0/inst/counter_output_reg[10]/R (clocked by adc_clk). Large setup violations at the end of those stages might be difficult to fix during the post-placement implementation flow and could be the result of non-optimal XDC constraints or non-optimal design architecture
Related violations: <none>

TIMING-16#56 Warning
Large setup violation  
There is a large setup violation of -2.903 ns between system_i/DataAcquisition/axis_red_pitaya_adc_0/inst/int_dat_b_reg_reg[4]/C (clocked by adc_clk) and system_i/FrequencyCounter/frequency_counter_0/inst/counter_output_reg[8]/R (clocked by adc_clk). Large setup violations at the end of those stages might be difficult to fix during the post-placement implementation flow and could be the result of non-optimal XDC constraints or non-optimal design architecture
Related violations: <none>

TIMING-16#57 Warning
Large setup violation  
There is a large setup violation of -2.909 ns between system_i/DataAcquisition/axis_red_pitaya_adc_0/inst/int_dat_b_reg_reg[4]/C (clocked by adc_clk) and system_i/FrequencyCounter/frequency_counter_0/inst/counter_output_reg[11]/R (clocked by adc_clk). Large setup violations at the end of those stages might be difficult to fix during the post-placement implementation flow and could be the result of non-optimal XDC constraints or non-optimal design architecture
Related violations: <none>

TIMING-16#58 Warning
Large setup violation  
There is a large setup violation of -2.909 ns between system_i/DataAcquisition/axis_red_pitaya_adc_0/inst/int_dat_b_reg_reg[4]/C (clocked by adc_clk) and system_i/FrequencyCounter/frequency_counter_0/inst/counter_output_reg[24]/R (clocked by adc_clk). Large setup violations at the end of those stages might be difficult to fix during the post-placement implementation flow and could be the result of non-optimal XDC constraints or non-optimal design architecture
Related violations: <none>

TIMING-16#59 Warning
Large setup violation  
There is a large setup violation of -2.909 ns between system_i/DataAcquisition/axis_red_pitaya_adc_0/inst/int_dat_b_reg_reg[4]/C (clocked by adc_clk) and system_i/FrequencyCounter/frequency_counter_0/inst/counter_output_reg[27]/R (clocked by adc_clk). Large setup violations at the end of those stages might be difficult to fix during the post-placement implementation flow and could be the result of non-optimal XDC constraints or non-optimal design architecture
Related violations: <none>

TIMING-16#60 Warning
Large setup violation  
There is a large setup violation of -2.909 ns between system_i/DataAcquisition/axis_red_pitaya_adc_0/inst/int_dat_b_reg_reg[4]/C (clocked by adc_clk) and system_i/FrequencyCounter/frequency_counter_0/inst/counter_output_reg[9]/R (clocked by adc_clk). Large setup violations at the end of those stages might be difficult to fix during the post-placement implementation flow and could be the result of non-optimal XDC constraints or non-optimal design architecture
Related violations: <none>

TIMING-16#61 Warning
Large setup violation  
There is a large setup violation of -2.910 ns between system_i/DataAcquisition/axis_red_pitaya_adc_0/inst/int_dat_b_reg_reg[4]/C (clocked by adc_clk) and system_i/FrequencyCounter/frequency_counter_0/inst/counter_output_reg[20]/R (clocked by adc_clk). Large setup violations at the end of those stages might be difficult to fix during the post-placement implementation flow and could be the result of non-optimal XDC constraints or non-optimal design architecture
Related violations: <none>

TIMING-16#62 Warning
Large setup violation  
There is a large setup violation of -2.910 ns between system_i/DataAcquisition/axis_red_pitaya_adc_0/inst/int_dat_b_reg_reg[4]/C (clocked by adc_clk) and system_i/FrequencyCounter/frequency_counter_0/inst/counter_output_reg[21]/R (clocked by adc_clk). Large setup violations at the end of those stages might be difficult to fix during the post-placement implementation flow and could be the result of non-optimal XDC constraints or non-optimal design architecture
Related violations: <none>

TIMING-16#63 Warning
Large setup violation  
There is a large setup violation of -2.910 ns between system_i/DataAcquisition/axis_red_pitaya_adc_0/inst/int_dat_b_reg_reg[4]/C (clocked by adc_clk) and system_i/FrequencyCounter/frequency_counter_0/inst/counter_output_reg[22]/R (clocked by adc_clk). Large setup violations at the end of those stages might be difficult to fix during the post-placement implementation flow and could be the result of non-optimal XDC constraints or non-optimal design architecture
Related violations: <none>

TIMING-16#64 Warning
Large setup violation  
There is a large setup violation of -2.910 ns between system_i/DataAcquisition/axis_red_pitaya_adc_0/inst/int_dat_b_reg_reg[4]/C (clocked by adc_clk) and system_i/FrequencyCounter/frequency_counter_0/inst/counter_output_reg[23]/R (clocked by adc_clk). Large setup violations at the end of those stages might be difficult to fix during the post-placement implementation flow and could be the result of non-optimal XDC constraints or non-optimal design architecture
Related violations: <none>

TIMING-16#65 Warning
Large setup violation  
There is a large setup violation of -2.930 ns between system_i/DataAcquisition/axis_red_pitaya_adc_0/inst/int_dat_b_reg_reg[4]/C (clocked by adc_clk) and system_i/FrequencyCounter/frequency_counter_0/inst/counter1_output_reg[29]/R (clocked by adc_clk). Large setup violations at the end of those stages might be difficult to fix during the post-placement implementation flow and could be the result of non-optimal XDC constraints or non-optimal design architecture
Related violations: <none>

TIMING-16#66 Warning
Large setup violation  
There is a large setup violation of -2.930 ns between system_i/DataAcquisition/axis_red_pitaya_adc_0/inst/int_dat_b_reg_reg[4]/C (clocked by adc_clk) and system_i/FrequencyCounter/frequency_counter_0/inst/counter1_output_reg[30]/R (clocked by adc_clk). Large setup violations at the end of those stages might be difficult to fix during the post-placement implementation flow and could be the result of non-optimal XDC constraints or non-optimal design architecture
Related violations: <none>

TIMING-16#67 Warning
Large setup violation  
There is a large setup violation of -2.930 ns between system_i/DataAcquisition/axis_red_pitaya_adc_0/inst/int_dat_b_reg_reg[4]/C (clocked by adc_clk) and system_i/FrequencyCounter/frequency_counter_0/inst/counter1_output_reg[4]/R (clocked by adc_clk). Large setup violations at the end of those stages might be difficult to fix during the post-placement implementation flow and could be the result of non-optimal XDC constraints or non-optimal design architecture
Related violations: <none>

TIMING-16#68 Warning
Large setup violation  
There is a large setup violation of -2.930 ns between system_i/DataAcquisition/axis_red_pitaya_adc_0/inst/int_dat_b_reg_reg[4]/C (clocked by adc_clk) and system_i/FrequencyCounter/frequency_counter_0/inst/counter1_output_reg[5]/R (clocked by adc_clk). Large setup violations at the end of those stages might be difficult to fix during the post-placement implementation flow and could be the result of non-optimal XDC constraints or non-optimal design architecture
Related violations: <none>

TIMING-16#69 Warning
Large setup violation  
There is a large setup violation of -2.930 ns between system_i/DataAcquisition/axis_red_pitaya_adc_0/inst/int_dat_b_reg_reg[4]/C (clocked by adc_clk) and system_i/FrequencyCounter/frequency_counter_0/inst/counter1_output_reg[6]/R (clocked by adc_clk). Large setup violations at the end of those stages might be difficult to fix during the post-placement implementation flow and could be the result of non-optimal XDC constraints or non-optimal design architecture
Related violations: <none>

TIMING-16#70 Warning
Large setup violation  
There is a large setup violation of -2.930 ns between system_i/DataAcquisition/axis_red_pitaya_adc_0/inst/int_dat_b_reg_reg[4]/C (clocked by adc_clk) and system_i/FrequencyCounter/frequency_counter_0/inst/counter1_output_reg[7]/R (clocked by adc_clk). Large setup violations at the end of those stages might be difficult to fix during the post-placement implementation flow and could be the result of non-optimal XDC constraints or non-optimal design architecture
Related violations: <none>

TIMING-16#71 Warning
Large setup violation  
There is a large setup violation of -2.930 ns between system_i/DataAcquisition/axis_red_pitaya_adc_0/inst/int_dat_b_reg_reg[4]/C (clocked by adc_clk) and system_i/FrequencyCounter/frequency_counter_0/inst/counter2_output_reg[0]/R (clocked by adc_clk). Large setup violations at the end of those stages might be difficult to fix during the post-placement implementation flow and could be the result of non-optimal XDC constraints or non-optimal design architecture
Related violations: <none>

TIMING-16#72 Warning
Large setup violation  
There is a large setup violation of -2.930 ns between system_i/DataAcquisition/axis_red_pitaya_adc_0/inst/int_dat_b_reg_reg[4]/C (clocked by adc_clk) and system_i/FrequencyCounter/frequency_counter_0/inst/counter2_output_reg[3]/R (clocked by adc_clk). Large setup violations at the end of those stages might be difficult to fix during the post-placement implementation flow and could be the result of non-optimal XDC constraints or non-optimal design architecture
Related violations: <none>

TIMING-16#73 Warning
Large setup violation  
There is a large setup violation of -2.934 ns between system_i/DataAcquisition/axis_red_pitaya_adc_0/inst/int_dat_b_reg_reg[4]/C (clocked by adc_clk) and system_i/FrequencyCounter/frequency_counter_0/inst/counter2_output_reg[20]/R (clocked by adc_clk). Large setup violations at the end of those stages might be difficult to fix during the post-placement implementation flow and could be the result of non-optimal XDC constraints or non-optimal design architecture
Related violations: <none>

TIMING-16#74 Warning
Large setup violation  
There is a large setup violation of -2.934 ns between system_i/DataAcquisition/axis_red_pitaya_adc_0/inst/int_dat_b_reg_reg[4]/C (clocked by adc_clk) and system_i/FrequencyCounter/frequency_counter_0/inst/counter2_output_reg[21]/R (clocked by adc_clk). Large setup violations at the end of those stages might be difficult to fix during the post-placement implementation flow and could be the result of non-optimal XDC constraints or non-optimal design architecture
Related violations: <none>

TIMING-16#75 Warning
Large setup violation  
There is a large setup violation of -2.934 ns between system_i/DataAcquisition/axis_red_pitaya_adc_0/inst/int_dat_b_reg_reg[4]/C (clocked by adc_clk) and system_i/FrequencyCounter/frequency_counter_0/inst/counter2_output_reg[22]/R (clocked by adc_clk). Large setup violations at the end of those stages might be difficult to fix during the post-placement implementation flow and could be the result of non-optimal XDC constraints or non-optimal design architecture
Related violations: <none>

TIMING-16#76 Warning
Large setup violation  
There is a large setup violation of -2.934 ns between system_i/DataAcquisition/axis_red_pitaya_adc_0/inst/int_dat_b_reg_reg[4]/C (clocked by adc_clk) and system_i/FrequencyCounter/frequency_counter_0/inst/counter2_output_reg[23]/R (clocked by adc_clk). Large setup violations at the end of those stages might be difficult to fix during the post-placement implementation flow and could be the result of non-optimal XDC constraints or non-optimal design architecture
Related violations: <none>

TIMING-16#77 Warning
Large setup violation  
There is a large setup violation of -2.934 ns between system_i/DataAcquisition/axis_red_pitaya_adc_0/inst/int_dat_b_reg_reg[4]/C (clocked by adc_clk) and system_i/FrequencyCounter/frequency_counter_0/inst/counter2_output_reg[4]/R (clocked by adc_clk). Large setup violations at the end of those stages might be difficult to fix during the post-placement implementation flow and could be the result of non-optimal XDC constraints or non-optimal design architecture
Related violations: <none>

TIMING-16#78 Warning
Large setup violation  
There is a large setup violation of -2.934 ns between system_i/DataAcquisition/axis_red_pitaya_adc_0/inst/int_dat_b_reg_reg[4]/C (clocked by adc_clk) and system_i/FrequencyCounter/frequency_counter_0/inst/counter_output_reg[17]/R (clocked by adc_clk). Large setup violations at the end of those stages might be difficult to fix during the post-placement implementation flow and could be the result of non-optimal XDC constraints or non-optimal design architecture
Related violations: <none>

TIMING-16#79 Warning
Large setup violation  
There is a large setup violation of -2.934 ns between system_i/DataAcquisition/axis_red_pitaya_adc_0/inst/int_dat_b_reg_reg[4]/C (clocked by adc_clk) and system_i/FrequencyCounter/frequency_counter_0/inst/counter_output_reg[18]/R (clocked by adc_clk). Large setup violations at the end of those stages might be difficult to fix during the post-placement implementation flow and could be the result of non-optimal XDC constraints or non-optimal design architecture
Related violations: <none>

TIMING-16#80 Warning
Large setup violation  
There is a large setup violation of -2.934 ns between system_i/DataAcquisition/axis_red_pitaya_adc_0/inst/int_dat_b_reg_reg[4]/C (clocked by adc_clk) and system_i/FrequencyCounter/frequency_counter_0/inst/counter_output_reg[19]/R (clocked by adc_clk). Large setup violations at the end of those stages might be difficult to fix during the post-placement implementation flow and could be the result of non-optimal XDC constraints or non-optimal design architecture
Related violations: <none>

TIMING-16#81 Warning
Large setup violation  
There is a large setup violation of -2.935 ns between system_i/DataAcquisition/axis_red_pitaya_adc_0/inst/int_dat_b_reg_reg[4]/C (clocked by adc_clk) and system_i/FrequencyCounter/frequency_counter_0/inst/counter1_output_reg[10]/R (clocked by adc_clk). Large setup violations at the end of those stages might be difficult to fix during the post-placement implementation flow and could be the result of non-optimal XDC constraints or non-optimal design architecture
Related violations: <none>

TIMING-16#82 Warning
Large setup violation  
There is a large setup violation of -2.935 ns between system_i/DataAcquisition/axis_red_pitaya_adc_0/inst/int_dat_b_reg_reg[4]/C (clocked by adc_clk) and system_i/FrequencyCounter/frequency_counter_0/inst/counter1_output_reg[11]/R (clocked by adc_clk). Large setup violations at the end of those stages might be difficult to fix during the post-placement implementation flow and could be the result of non-optimal XDC constraints or non-optimal design architecture
Related violations: <none>

TIMING-16#83 Warning
Large setup violation  
There is a large setup violation of -2.935 ns between system_i/DataAcquisition/axis_red_pitaya_adc_0/inst/int_dat_b_reg_reg[4]/C (clocked by adc_clk) and system_i/FrequencyCounter/frequency_counter_0/inst/counter1_output_reg[28]/R (clocked by adc_clk). Large setup violations at the end of those stages might be difficult to fix during the post-placement implementation flow and could be the result of non-optimal XDC constraints or non-optimal design architecture
Related violations: <none>

TIMING-16#84 Warning
Large setup violation  
There is a large setup violation of -2.935 ns between system_i/DataAcquisition/axis_red_pitaya_adc_0/inst/int_dat_b_reg_reg[4]/C (clocked by adc_clk) and system_i/FrequencyCounter/frequency_counter_0/inst/counter1_output_reg[8]/R (clocked by adc_clk). Large setup violations at the end of those stages might be difficult to fix during the post-placement implementation flow and could be the result of non-optimal XDC constraints or non-optimal design architecture
Related violations: <none>

TIMING-16#85 Warning
Large setup violation  
There is a large setup violation of -2.935 ns between system_i/DataAcquisition/axis_red_pitaya_adc_0/inst/int_dat_b_reg_reg[4]/C (clocked by adc_clk) and system_i/FrequencyCounter/frequency_counter_0/inst/counter1_output_reg[9]/R (clocked by adc_clk). Large setup violations at the end of those stages might be difficult to fix during the post-placement implementation flow and could be the result of non-optimal XDC constraints or non-optimal design architecture
Related violations: <none>

TIMING-16#86 Warning
Large setup violation  
There is a large setup violation of -2.935 ns between system_i/DataAcquisition/axis_red_pitaya_adc_0/inst/int_dat_b_reg_reg[4]/C (clocked by adc_clk) and system_i/FrequencyCounter/frequency_counter_0/inst/counter2_output_reg[13]/R (clocked by adc_clk). Large setup violations at the end of those stages might be difficult to fix during the post-placement implementation flow and could be the result of non-optimal XDC constraints or non-optimal design architecture
Related violations: <none>

TIMING-16#87 Warning
Large setup violation  
There is a large setup violation of -2.935 ns between system_i/DataAcquisition/axis_red_pitaya_adc_0/inst/int_dat_b_reg_reg[4]/C (clocked by adc_clk) and system_i/FrequencyCounter/frequency_counter_0/inst/counter2_output_reg[14]/R (clocked by adc_clk). Large setup violations at the end of those stages might be difficult to fix during the post-placement implementation flow and could be the result of non-optimal XDC constraints or non-optimal design architecture
Related violations: <none>

TIMING-16#88 Warning
Large setup violation  
There is a large setup violation of -2.935 ns between system_i/DataAcquisition/axis_red_pitaya_adc_0/inst/int_dat_b_reg_reg[4]/C (clocked by adc_clk) and system_i/FrequencyCounter/frequency_counter_0/inst/counter2_output_reg[15]/R (clocked by adc_clk). Large setup violations at the end of those stages might be difficult to fix during the post-placement implementation flow and could be the result of non-optimal XDC constraints or non-optimal design architecture
Related violations: <none>

TIMING-16#89 Warning
Large setup violation  
There is a large setup violation of -2.940 ns between system_i/DataAcquisition/axis_red_pitaya_adc_0/inst/int_dat_b_reg_reg[4]/C (clocked by adc_clk) and system_i/FrequencyCounter/frequency_counter_0/inst/counter1_output_reg[31]/R (clocked by adc_clk). Large setup violations at the end of those stages might be difficult to fix during the post-placement implementation flow and could be the result of non-optimal XDC constraints or non-optimal design architecture
Related violations: <none>

TIMING-16#90 Warning
Large setup violation  
There is a large setup violation of -2.940 ns between system_i/DataAcquisition/axis_red_pitaya_adc_0/inst/int_dat_b_reg_reg[4]/C (clocked by adc_clk) and system_i/FrequencyCounter/frequency_counter_0/inst/counter2_output_reg[1]/R (clocked by adc_clk). Large setup violations at the end of those stages might be difficult to fix during the post-placement implementation flow and could be the result of non-optimal XDC constraints or non-optimal design architecture
Related violations: <none>

TIMING-16#91 Warning
Large setup violation  
There is a large setup violation of -2.940 ns between system_i/DataAcquisition/axis_red_pitaya_adc_0/inst/int_dat_b_reg_reg[4]/C (clocked by adc_clk) and system_i/FrequencyCounter/frequency_counter_0/inst/counter2_output_reg[24]/R (clocked by adc_clk). Large setup violations at the end of those stages might be difficult to fix during the post-placement implementation flow and could be the result of non-optimal XDC constraints or non-optimal design architecture
Related violations: <none>

TIMING-16#92 Warning
Large setup violation  
There is a large setup violation of -2.940 ns between system_i/DataAcquisition/axis_red_pitaya_adc_0/inst/int_dat_b_reg_reg[4]/C (clocked by adc_clk) and system_i/FrequencyCounter/frequency_counter_0/inst/counter2_output_reg[25]/R (clocked by adc_clk). Large setup violations at the end of those stages might be difficult to fix during the post-placement implementation flow and could be the result of non-optimal XDC constraints or non-optimal design architecture
Related violations: <none>

TIMING-16#93 Warning
Large setup violation  
There is a large setup violation of -2.940 ns between system_i/DataAcquisition/axis_red_pitaya_adc_0/inst/int_dat_b_reg_reg[4]/C (clocked by adc_clk) and system_i/FrequencyCounter/frequency_counter_0/inst/counter2_output_reg[26]/R (clocked by adc_clk). Large setup violations at the end of those stages might be difficult to fix during the post-placement implementation flow and could be the result of non-optimal XDC constraints or non-optimal design architecture
Related violations: <none>

TIMING-16#94 Warning
Large setup violation  
There is a large setup violation of -2.940 ns between system_i/DataAcquisition/axis_red_pitaya_adc_0/inst/int_dat_b_reg_reg[4]/C (clocked by adc_clk) and system_i/FrequencyCounter/frequency_counter_0/inst/counter2_output_reg[27]/R (clocked by adc_clk). Large setup violations at the end of those stages might be difficult to fix during the post-placement implementation flow and could be the result of non-optimal XDC constraints or non-optimal design architecture
Related violations: <none>

TIMING-16#95 Warning
Large setup violation  
There is a large setup violation of -2.940 ns between system_i/DataAcquisition/axis_red_pitaya_adc_0/inst/int_dat_b_reg_reg[4]/C (clocked by adc_clk) and system_i/FrequencyCounter/frequency_counter_0/inst/counter2_output_reg[2]/R (clocked by adc_clk). Large setup violations at the end of those stages might be difficult to fix during the post-placement implementation flow and could be the result of non-optimal XDC constraints or non-optimal design architecture
Related violations: <none>

TIMING-16#96 Warning
Large setup violation  
There is a large setup violation of -2.940 ns between system_i/DataAcquisition/axis_red_pitaya_adc_0/inst/int_dat_b_reg_reg[4]/C (clocked by adc_clk) and system_i/FrequencyCounter/frequency_counter_0/inst/counter_output_reg[16]/R (clocked by adc_clk). Large setup violations at the end of those stages might be difficult to fix during the post-placement implementation flow and could be the result of non-optimal XDC constraints or non-optimal design architecture
Related violations: <none>

TIMING-16#97 Warning
Large setup violation  
There is a large setup violation of -2.959 ns between system_i/DataAcquisition/axis_red_pitaya_adc_0/inst/int_dat_b_reg_reg[4]/C (clocked by adc_clk) and system_i/FrequencyCounter/frequency_counter_0/inst/counter1_output_reg[18]/R (clocked by adc_clk). Large setup violations at the end of those stages might be difficult to fix during the post-placement implementation flow and could be the result of non-optimal XDC constraints or non-optimal design architecture
Related violations: <none>

TIMING-16#98 Warning
Large setup violation  
There is a large setup violation of -2.959 ns between system_i/DataAcquisition/axis_red_pitaya_adc_0/inst/int_dat_b_reg_reg[4]/C (clocked by adc_clk) and system_i/FrequencyCounter/frequency_counter_0/inst/counter1_output_reg[19]/R (clocked by adc_clk). Large setup violations at the end of those stages might be difficult to fix during the post-placement implementation flow and could be the result of non-optimal XDC constraints or non-optimal design architecture
Related violations: <none>

TIMING-16#99 Warning
Large setup violation  
There is a large setup violation of -2.959 ns between system_i/DataAcquisition/axis_red_pitaya_adc_0/inst/int_dat_b_reg_reg[4]/C (clocked by adc_clk) and system_i/FrequencyCounter/frequency_counter_0/inst/counter1_output_reg[20]/R (clocked by adc_clk). Large setup violations at the end of those stages might be difficult to fix during the post-placement implementation flow and could be the result of non-optimal XDC constraints or non-optimal design architecture
Related violations: <none>

TIMING-16#100 Warning
Large setup violation  
There is a large setup violation of -2.959 ns between system_i/DataAcquisition/axis_red_pitaya_adc_0/inst/int_dat_b_reg_reg[4]/C (clocked by adc_clk) and system_i/FrequencyCounter/frequency_counter_0/inst/counter1_output_reg[21]/R (clocked by adc_clk). Large setup violations at the end of those stages might be difficult to fix during the post-placement implementation flow and could be the result of non-optimal XDC constraints or non-optimal design architecture
Related violations: <none>

TIMING-16#101 Warning
Large setup violation  
There is a large setup violation of -2.959 ns between system_i/DataAcquisition/axis_red_pitaya_adc_0/inst/int_dat_b_reg_reg[4]/C (clocked by adc_clk) and system_i/FrequencyCounter/frequency_counter_0/inst/counter1_output_reg[22]/R (clocked by adc_clk). Large setup violations at the end of those stages might be difficult to fix during the post-placement implementation flow and could be the result of non-optimal XDC constraints or non-optimal design architecture
Related violations: <none>

TIMING-16#102 Warning
Large setup violation  
There is a large setup violation of -2.959 ns between system_i/DataAcquisition/axis_red_pitaya_adc_0/inst/int_dat_b_reg_reg[4]/C (clocked by adc_clk) and system_i/FrequencyCounter/frequency_counter_0/inst/counter1_output_reg[23]/R (clocked by adc_clk). Large setup violations at the end of those stages might be difficult to fix during the post-placement implementation flow and could be the result of non-optimal XDC constraints or non-optimal design architecture
Related violations: <none>

TIMING-16#103 Warning
Large setup violation  
There is a large setup violation of -2.959 ns between system_i/DataAcquisition/axis_red_pitaya_adc_0/inst/int_dat_b_reg_reg[4]/C (clocked by adc_clk) and system_i/FrequencyCounter/frequency_counter_0/inst/counter2_output_reg[10]/R (clocked by adc_clk). Large setup violations at the end of those stages might be difficult to fix during the post-placement implementation flow and could be the result of non-optimal XDC constraints or non-optimal design architecture
Related violations: <none>

TIMING-16#104 Warning
Large setup violation  
There is a large setup violation of -2.959 ns between system_i/DataAcquisition/axis_red_pitaya_adc_0/inst/int_dat_b_reg_reg[4]/C (clocked by adc_clk) and system_i/FrequencyCounter/frequency_counter_0/inst/counter2_output_reg[11]/R (clocked by adc_clk). Large setup violations at the end of those stages might be difficult to fix during the post-placement implementation flow and could be the result of non-optimal XDC constraints or non-optimal design architecture
Related violations: <none>

TIMING-16#105 Warning
Large setup violation  
There is a large setup violation of -2.963 ns between system_i/DataAcquisition/axis_red_pitaya_adc_0/inst/int_dat_b_reg_reg[4]/C (clocked by adc_clk) and system_i/FrequencyCounter/frequency_counter_0/inst/counter2_output_reg[12]/R (clocked by adc_clk). Large setup violations at the end of those stages might be difficult to fix during the post-placement implementation flow and could be the result of non-optimal XDC constraints or non-optimal design architecture
Related violations: <none>

TIMING-16#106 Warning
Large setup violation  
There is a large setup violation of -2.963 ns between system_i/DataAcquisition/axis_red_pitaya_adc_0/inst/int_dat_b_reg_reg[4]/C (clocked by adc_clk) and system_i/FrequencyCounter/frequency_counter_0/inst/counter2_output_reg[8]/R (clocked by adc_clk). Large setup violations at the end of those stages might be difficult to fix during the post-placement implementation flow and could be the result of non-optimal XDC constraints or non-optimal design architecture
Related violations: <none>

TIMING-16#107 Warning
Large setup violation  
There is a large setup violation of -2.963 ns between system_i/DataAcquisition/axis_red_pitaya_adc_0/inst/int_dat_b_reg_reg[4]/C (clocked by adc_clk) and system_i/FrequencyCounter/frequency_counter_0/inst/counter2_output_reg[9]/R (clocked by adc_clk). Large setup violations at the end of those stages might be difficult to fix during the post-placement implementation flow and could be the result of non-optimal XDC constraints or non-optimal design architecture
Related violations: <none>

TIMING-16#108 Warning
Large setup violation  
There is a large setup violation of -2.975 ns between system_i/DataAcquisition/axis_red_pitaya_adc_0/inst/int_dat_b_reg_reg[4]/C (clocked by adc_clk) and system_i/FrequencyCounter/frequency_counter_0/inst/clock_counter_reg[31]/D (clocked by adc_clk). Large setup violations at the end of those stages might be difficult to fix during the post-placement implementation flow and could be the result of non-optimal XDC constraints or non-optimal design architecture
Related violations: <none>

TIMING-16#109 Warning
Large setup violation  
There is a large setup violation of -2.996 ns between system_i/DataAcquisition/axis_red_pitaya_adc_0/inst/int_dat_b_reg_reg[4]/C (clocked by adc_clk) and system_i/FrequencyCounter/frequency_counter_0/inst/clock_counter_reg[29]/D (clocked by adc_clk). Large setup violations at the end of those stages might be difficult to fix during the post-placement implementation flow and could be the result of non-optimal XDC constraints or non-optimal design architecture
Related violations: <none>

TIMING-16#110 Warning
Large setup violation  
There is a large setup violation of -3.004 ns between system_i/DataAcquisition/axis_red_pitaya_adc_0/inst/int_dat_b_reg_reg[4]/C (clocked by adc_clk) and system_i/FrequencyCounter/frequency_counter_0/inst/counter1_output_reg[16]/R (clocked by adc_clk). Large setup violations at the end of those stages might be difficult to fix during the post-placement implementation flow and could be the result of non-optimal XDC constraints or non-optimal design architecture
Related violations: <none>

TIMING-16#111 Warning
Large setup violation  
There is a large setup violation of -3.004 ns between system_i/DataAcquisition/axis_red_pitaya_adc_0/inst/int_dat_b_reg_reg[4]/C (clocked by adc_clk) and system_i/FrequencyCounter/frequency_counter_0/inst/counter1_output_reg[17]/R (clocked by adc_clk). Large setup violations at the end of those stages might be difficult to fix during the post-placement implementation flow and could be the result of non-optimal XDC constraints or non-optimal design architecture
Related violations: <none>

TIMING-16#112 Warning
Large setup violation  
There is a large setup violation of -3.004 ns between system_i/DataAcquisition/axis_red_pitaya_adc_0/inst/int_dat_b_reg_reg[4]/C (clocked by adc_clk) and system_i/FrequencyCounter/frequency_counter_0/inst/counter_output_reg[25]/R (clocked by adc_clk). Large setup violations at the end of those stages might be difficult to fix during the post-placement implementation flow and could be the result of non-optimal XDC constraints or non-optimal design architecture
Related violations: <none>

TIMING-16#113 Warning
Large setup violation  
There is a large setup violation of -3.004 ns between system_i/DataAcquisition/axis_red_pitaya_adc_0/inst/int_dat_b_reg_reg[4]/C (clocked by adc_clk) and system_i/FrequencyCounter/frequency_counter_0/inst/counter_output_reg[26]/R (clocked by adc_clk). Large setup violations at the end of those stages might be difficult to fix during the post-placement implementation flow and could be the result of non-optimal XDC constraints or non-optimal design architecture
Related violations: <none>

TIMING-16#114 Warning
Large setup violation  
There is a large setup violation of -3.007 ns between system_i/DataAcquisition/axis_red_pitaya_adc_0/inst/int_dat_b_reg_reg[4]/C (clocked by adc_clk) and system_i/FrequencyCounter/frequency_counter_0/inst/counter2_output_reg[5]/R (clocked by adc_clk). Large setup violations at the end of those stages might be difficult to fix during the post-placement implementation flow and could be the result of non-optimal XDC constraints or non-optimal design architecture
Related violations: <none>

TIMING-16#115 Warning
Large setup violation  
There is a large setup violation of -3.007 ns between system_i/DataAcquisition/axis_red_pitaya_adc_0/inst/int_dat_b_reg_reg[4]/C (clocked by adc_clk) and system_i/FrequencyCounter/frequency_counter_0/inst/counter2_output_reg[6]/R (clocked by adc_clk). Large setup violations at the end of those stages might be difficult to fix during the post-placement implementation flow and could be the result of non-optimal XDC constraints or non-optimal design architecture
Related violations: <none>

TIMING-16#116 Warning
Large setup violation  
There is a large setup violation of -3.007 ns between system_i/DataAcquisition/axis_red_pitaya_adc_0/inst/int_dat_b_reg_reg[4]/C (clocked by adc_clk) and system_i/FrequencyCounter/frequency_counter_0/inst/counter2_output_reg[7]/R (clocked by adc_clk). Large setup violations at the end of those stages might be difficult to fix during the post-placement implementation flow and could be the result of non-optimal XDC constraints or non-optimal design architecture
Related violations: <none>

TIMING-16#117 Warning
Large setup violation  
There is a large setup violation of -3.041 ns between system_i/DataAcquisition/axis_red_pitaya_adc_0/inst/int_dat_b_reg_reg[4]/C (clocked by adc_clk) and system_i/FrequencyCounter/frequency_counter_0/inst/counter1_output_reg[24]/R (clocked by adc_clk). Large setup violations at the end of those stages might be difficult to fix during the post-placement implementation flow and could be the result of non-optimal XDC constraints or non-optimal design architecture
Related violations: <none>

TIMING-16#118 Warning
Large setup violation  
There is a large setup violation of -3.041 ns between system_i/DataAcquisition/axis_red_pitaya_adc_0/inst/int_dat_b_reg_reg[4]/C (clocked by adc_clk) and system_i/FrequencyCounter/frequency_counter_0/inst/counter1_output_reg[25]/R (clocked by adc_clk). Large setup violations at the end of those stages might be difficult to fix during the post-placement implementation flow and could be the result of non-optimal XDC constraints or non-optimal design architecture
Related violations: <none>

TIMING-16#119 Warning
Large setup violation  
There is a large setup violation of -3.041 ns between system_i/DataAcquisition/axis_red_pitaya_adc_0/inst/int_dat_b_reg_reg[4]/C (clocked by adc_clk) and system_i/FrequencyCounter/frequency_counter_0/inst/counter1_output_reg[26]/R (clocked by adc_clk). Large setup violations at the end of those stages might be difficult to fix during the post-placement implementation flow and could be the result of non-optimal XDC constraints or non-optimal design architecture
Related violations: <none>

TIMING-16#120 Warning
Large setup violation  
There is a large setup violation of -3.041 ns between system_i/DataAcquisition/axis_red_pitaya_adc_0/inst/int_dat_b_reg_reg[4]/C (clocked by adc_clk) and system_i/FrequencyCounter/frequency_counter_0/inst/counter1_output_reg[27]/R (clocked by adc_clk). Large setup violations at the end of those stages might be difficult to fix during the post-placement implementation flow and could be the result of non-optimal XDC constraints or non-optimal design architecture
Related violations: <none>

TIMING-16#121 Warning
Large setup violation  
There is a large setup violation of -3.082 ns between system_i/DataAcquisition/axis_red_pitaya_adc_0/inst/int_dat_b_reg_reg[4]/C (clocked by adc_clk) and system_i/FrequencyCounter/frequency_counter_0/inst/counter1_output_reg[0]/R (clocked by adc_clk). Large setup violations at the end of those stages might be difficult to fix during the post-placement implementation flow and could be the result of non-optimal XDC constraints or non-optimal design architecture
Related violations: <none>

TIMING-16#122 Warning
Large setup violation  
There is a large setup violation of -3.082 ns between system_i/DataAcquisition/axis_red_pitaya_adc_0/inst/int_dat_b_reg_reg[4]/C (clocked by adc_clk) and system_i/FrequencyCounter/frequency_counter_0/inst/counter1_output_reg[1]/R (clocked by adc_clk). Large setup violations at the end of those stages might be difficult to fix during the post-placement implementation flow and could be the result of non-optimal XDC constraints or non-optimal design architecture
Related violations: <none>

TIMING-16#123 Warning
Large setup violation  
There is a large setup violation of -3.082 ns between system_i/DataAcquisition/axis_red_pitaya_adc_0/inst/int_dat_b_reg_reg[4]/C (clocked by adc_clk) and system_i/FrequencyCounter/frequency_counter_0/inst/counter1_output_reg[2]/R (clocked by adc_clk). Large setup violations at the end of those stages might be difficult to fix during the post-placement implementation flow and could be the result of non-optimal XDC constraints or non-optimal design architecture
Related violations: <none>

TIMING-16#124 Warning
Large setup violation  
There is a large setup violation of -3.082 ns between system_i/DataAcquisition/axis_red_pitaya_adc_0/inst/int_dat_b_reg_reg[4]/C (clocked by adc_clk) and system_i/FrequencyCounter/frequency_counter_0/inst/counter1_output_reg[3]/R (clocked by adc_clk). Large setup violations at the end of those stages might be difficult to fix during the post-placement implementation flow and could be the result of non-optimal XDC constraints or non-optimal design architecture
Related violations: <none>

TIMING-16#125 Warning
Large setup violation  
There is a large setup violation of -3.087 ns between system_i/DataAcquisition/axis_red_pitaya_adc_0/inst/int_dat_b_reg_reg[4]/C (clocked by adc_clk) and system_i/FrequencyCounter/frequency_counter_0/inst/counter2_output_reg[16]/R (clocked by adc_clk). Large setup violations at the end of those stages might be difficult to fix during the post-placement implementation flow and could be the result of non-optimal XDC constraints or non-optimal design architecture
Related violations: <none>

TIMING-16#126 Warning
Large setup violation  
There is a large setup violation of -3.087 ns between system_i/DataAcquisition/axis_red_pitaya_adc_0/inst/int_dat_b_reg_reg[4]/C (clocked by adc_clk) and system_i/FrequencyCounter/frequency_counter_0/inst/counter2_output_reg[17]/R (clocked by adc_clk). Large setup violations at the end of those stages might be difficult to fix during the post-placement implementation flow and could be the result of non-optimal XDC constraints or non-optimal design architecture
Related violations: <none>

TIMING-16#127 Warning
Large setup violation  
There is a large setup violation of -3.087 ns between system_i/DataAcquisition/axis_red_pitaya_adc_0/inst/int_dat_b_reg_reg[4]/C (clocked by adc_clk) and system_i/FrequencyCounter/frequency_counter_0/inst/counter2_output_reg[18]/R (clocked by adc_clk). Large setup violations at the end of those stages might be difficult to fix during the post-placement implementation flow and could be the result of non-optimal XDC constraints or non-optimal design architecture
Related violations: <none>

TIMING-16#128 Warning
Large setup violation  
There is a large setup violation of -3.087 ns between system_i/DataAcquisition/axis_red_pitaya_adc_0/inst/int_dat_b_reg_reg[4]/C (clocked by adc_clk) and system_i/FrequencyCounter/frequency_counter_0/inst/counter2_output_reg[19]/R (clocked by adc_clk). Large setup violations at the end of those stages might be difficult to fix during the post-placement implementation flow and could be the result of non-optimal XDC constraints or non-optimal design architecture
Related violations: <none>

TIMING-16#129 Warning
Large setup violation  
There is a large setup violation of -3.851 ns between system_i/DataAcquisition/axis_red_pitaya_adc_0/inst/int_dat_b_reg_reg[4]/C (clocked by adc_clk) and system_i/FrequencyCounter/frequency_counter_0/inst/pulse_reg[0]/D (clocked by adc_clk). Large setup violations at the end of those stages might be difficult to fix during the post-placement implementation flow and could be the result of non-optimal XDC constraints or non-optimal design architecture
Related violations: <none>

TIMING-18#1 Warning
Missing input or output delay  
An input delay is missing on adc_dat_a_i[0] relative to clock(s) adc_clk
Related violations: <none>

TIMING-18#2 Warning
Missing input or output delay  
An input delay is missing on adc_dat_a_i[10] relative to clock(s) adc_clk
Related violations: <none>

TIMING-18#3 Warning
Missing input or output delay  
An input delay is missing on adc_dat_a_i[11] relative to clock(s) adc_clk
Related violations: <none>

TIMING-18#4 Warning
Missing input or output delay  
An input delay is missing on adc_dat_a_i[12] relative to clock(s) adc_clk
Related violations: <none>

TIMING-18#5 Warning
Missing input or output delay  
An input delay is missing on adc_dat_a_i[13] relative to clock(s) adc_clk
Related violations: <none>

TIMING-18#6 Warning
Missing input or output delay  
An input delay is missing on adc_dat_a_i[1] relative to clock(s) adc_clk
Related violations: <none>

TIMING-18#7 Warning
Missing input or output delay  
An input delay is missing on adc_dat_a_i[2] relative to clock(s) adc_clk
Related violations: <none>

TIMING-18#8 Warning
Missing input or output delay  
An input delay is missing on adc_dat_a_i[3] relative to clock(s) adc_clk
Related violations: <none>

TIMING-18#9 Warning
Missing input or output delay  
An input delay is missing on adc_dat_a_i[4] relative to clock(s) adc_clk
Related violations: <none>

TIMING-18#10 Warning
Missing input or output delay  
An input delay is missing on adc_dat_a_i[5] relative to clock(s) adc_clk
Related violations: <none>

TIMING-18#11 Warning
Missing input or output delay  
An input delay is missing on adc_dat_a_i[6] relative to clock(s) adc_clk
Related violations: <none>

TIMING-18#12 Warning
Missing input or output delay  
An input delay is missing on adc_dat_a_i[7] relative to clock(s) adc_clk
Related violations: <none>

TIMING-18#13 Warning
Missing input or output delay  
An input delay is missing on adc_dat_a_i[8] relative to clock(s) adc_clk
Related violations: <none>

TIMING-18#14 Warning
Missing input or output delay  
An input delay is missing on adc_dat_a_i[9] relative to clock(s) adc_clk
Related violations: <none>

TIMING-18#15 Warning
Missing input or output delay  
An input delay is missing on adc_dat_b_i[0] relative to clock(s) adc_clk
Related violations: <none>

TIMING-18#16 Warning
Missing input or output delay  
An input delay is missing on adc_dat_b_i[10] relative to clock(s) adc_clk
Related violations: <none>

TIMING-18#17 Warning
Missing input or output delay  
An input delay is missing on adc_dat_b_i[11] relative to clock(s) adc_clk
Related violations: <none>

TIMING-18#18 Warning
Missing input or output delay  
An input delay is missing on adc_dat_b_i[12] relative to clock(s) adc_clk
Related violations: <none>

TIMING-18#19 Warning
Missing input or output delay  
An input delay is missing on adc_dat_b_i[13] relative to clock(s) adc_clk
Related violations: <none>

TIMING-18#20 Warning
Missing input or output delay  
An input delay is missing on adc_dat_b_i[1] relative to clock(s) adc_clk
Related violations: <none>

TIMING-18#21 Warning
Missing input or output delay  
An input delay is missing on adc_dat_b_i[2] relative to clock(s) adc_clk
Related violations: <none>

TIMING-18#22 Warning
Missing input or output delay  
An input delay is missing on adc_dat_b_i[3] relative to clock(s) adc_clk
Related violations: <none>

TIMING-18#23 Warning
Missing input or output delay  
An input delay is missing on adc_dat_b_i[4] relative to clock(s) adc_clk
Related violations: <none>

TIMING-18#24 Warning
Missing input or output delay  
An input delay is missing on adc_dat_b_i[5] relative to clock(s) adc_clk
Related violations: <none>

TIMING-18#25 Warning
Missing input or output delay  
An input delay is missing on adc_dat_b_i[6] relative to clock(s) adc_clk
Related violations: <none>

TIMING-18#26 Warning
Missing input or output delay  
An input delay is missing on adc_dat_b_i[7] relative to clock(s) adc_clk
Related violations: <none>

TIMING-18#27 Warning
Missing input or output delay  
An input delay is missing on adc_dat_b_i[8] relative to clock(s) adc_clk
Related violations: <none>

TIMING-18#28 Warning
Missing input or output delay  
An input delay is missing on adc_dat_b_i[9] relative to clock(s) adc_clk
Related violations: <none>

TIMING-18#29 Warning
Missing input or output delay  
An input delay is missing on reset relative to clock(s) adc_clk
Related violations: <none>

TIMING-18#30 Warning
Missing input or output delay  
An output delay is missing on dac_dat_o[0] relative to clock(s) adc_clk
Related violations: <none>

TIMING-18#31 Warning
Missing input or output delay  
An output delay is missing on dac_dat_o[10] relative to clock(s) adc_clk
Related violations: <none>

TIMING-18#32 Warning
Missing input or output delay  
An output delay is missing on dac_dat_o[11] relative to clock(s) adc_clk
Related violations: <none>

TIMING-18#33 Warning
Missing input or output delay  
An output delay is missing on dac_dat_o[12] relative to clock(s) adc_clk
Related violations: <none>

TIMING-18#34 Warning
Missing input or output delay  
An output delay is missing on dac_dat_o[13] relative to clock(s) adc_clk
Related violations: <none>

TIMING-18#35 Warning
Missing input or output delay  
An output delay is missing on dac_dat_o[1] relative to clock(s) adc_clk
Related violations: <none>

TIMING-18#36 Warning
Missing input or output delay  
An output delay is missing on dac_dat_o[2] relative to clock(s) adc_clk
Related violations: <none>

TIMING-18#37 Warning
Missing input or output delay  
An output delay is missing on dac_dat_o[3] relative to clock(s) adc_clk
Related violations: <none>

TIMING-18#38 Warning
Missing input or output delay  
An output delay is missing on dac_dat_o[4] relative to clock(s) adc_clk
Related violations: <none>

TIMING-18#39 Warning
Missing input or output delay  
An output delay is missing on dac_dat_o[5] relative to clock(s) adc_clk
Related violations: <none>

TIMING-18#40 Warning
Missing input or output delay  
An output delay is missing on dac_dat_o[6] relative to clock(s) adc_clk
Related violations: <none>

TIMING-18#41 Warning
Missing input or output delay  
An output delay is missing on dac_dat_o[7] relative to clock(s) adc_clk
Related violations: <none>

TIMING-18#42 Warning
Missing input or output delay  
An output delay is missing on dac_dat_o[8] relative to clock(s) adc_clk
Related violations: <none>

TIMING-18#43 Warning
Missing input or output delay  
An output delay is missing on dac_dat_o[9] relative to clock(s) adc_clk
Related violations: <none>

TIMING-18#44 Warning
Missing input or output delay  
An output delay is missing on dac_rst_o relative to clock(s) adc_clk
Related violations: <none>

TIMING-18#45 Warning
Missing input or output delay  
An output delay is missing on dac_sel_o relative to clock(s) adc_clk
Related violations: <none>

TIMING-18#46 Warning
Missing input or output delay  
An output delay is missing on output_ttl relative to clock(s) adc_clk
Related violations: <none>

TIMING-18#47 Warning
Missing input or output delay  
An output delay is missing on pulse[0] relative to clock(s) adc_clk
Related violations: <none>

TIMING-18#48 Warning
Missing input or output delay  
An output delay is missing on pulse_check[0] relative to clock(s) adc_clk
Related violations: <none>

TIMING-18#49 Warning
Missing input or output delay  
An output delay is missing on state relative to clock(s) adc_clk
Related violations: <none>

TIMING-18#50 Warning
Missing input or output delay  
An output delay is missing on state2 relative to clock(s) adc_clk
Related violations: <none>

XDCC-5#1 Warning
User Non-Timing constraint/property overwritten  
A new XDC property IOSTANDARD on dac_pwm_o[0] overrides a previous user property.
New Source: C:/Users/Purcell/Documents/RedPitayaProjects/adaptive readout/FastReadout/Pulse-counting/Adaptive_Readout/cfg/ports.xdc (Line: 111)
Previous Source: C:/Users/Purcell/Documents/RedPitayaProjects/adaptive readout/FastReadout/Pulse-counting/Adaptive_Readout/cfg/ports.xdc (Line: 99)
Related violations: <none>

XDCC-5#2 Warning
User Non-Timing constraint/property overwritten  
A new XDC property IOSTANDARD on dac_pwm_o[1] overrides a previous user property.
New Source: C:/Users/Purcell/Documents/RedPitayaProjects/adaptive readout/FastReadout/Pulse-counting/Adaptive_Readout/cfg/ports.xdc (Line: 111)
Previous Source: C:/Users/Purcell/Documents/RedPitayaProjects/adaptive readout/FastReadout/Pulse-counting/Adaptive_Readout/cfg/ports.xdc (Line: 99)
Related violations: <none>

XDCC-5#3 Warning
User Non-Timing constraint/property overwritten  
A new XDC property IOSTANDARD on dac_pwm_o[2] overrides a previous user property.
New Source: C:/Users/Purcell/Documents/RedPitayaProjects/adaptive readout/FastReadout/Pulse-counting/Adaptive_Readout/cfg/ports.xdc (Line: 111)
Previous Source: C:/Users/Purcell/Documents/RedPitayaProjects/adaptive readout/FastReadout/Pulse-counting/Adaptive_Readout/cfg/ports.xdc (Line: 99)
Related violations: <none>

XDCC-5#4 Warning
User Non-Timing constraint/property overwritten  
A new XDC property IOSTANDARD on dac_pwm_o[3] overrides a previous user property.
New Source: C:/Users/Purcell/Documents/RedPitayaProjects/adaptive readout/FastReadout/Pulse-counting/Adaptive_Readout/cfg/ports.xdc (Line: 111)
Previous Source: C:/Users/Purcell/Documents/RedPitayaProjects/adaptive readout/FastReadout/Pulse-counting/Adaptive_Readout/cfg/ports.xdc (Line: 99)
Related violations: <none>


