Copyright 1986-2020 Xilinx, Inc. All Rights Reserved.
-------------------------------------------------------------------------------------------
| Tool Version : Vivado v.2020.1 (win64) Build 2902540 Wed May 27 19:54:49 MDT 2020
| Date         : Wed Oct 15 18:54:28 2025
| Host         : DESKTOP-RDVR7FP running 64-bit major release  (build 9200)
| Command      : report_control_sets -verbose -file system_wrapper_control_sets_placed.rpt
| Design       : system_wrapper
| Device       : xc7z010
-------------------------------------------------------------------------------------------

Control Set Information

Table of Contents
-----------------
1. Summary
2. Histogram
3. Flip-Flop Distribution
4. Detailed Control Set Information

1. Summary
----------

+----------------------------------------------------------+-------+
|                          Status                          | Count |
+----------------------------------------------------------+-------+
| Total control sets                                       |    91 |
|    Minimum number of control sets                        |    91 |
|    Addition due to synthesis replication                 |     0 |
|    Addition due to physical synthesis replication        |     0 |
| Unused register locations in slices containing registers |   259 |
+----------------------------------------------------------+-------+
* Control sets can be merged at opt_design using control_set_merge or merge_equivalent_drivers
** Run report_qor_suggestions for automated merging and remapping suggestions


2. Histogram
------------

+--------------------+-------+
|       Fanout       | Count |
+--------------------+-------+
| Total control sets |    91 |
| >= 0 to < 4        |     3 |
| >= 4 to < 6        |    29 |
| >= 6 to < 8        |     3 |
| >= 8 to < 10       |     2 |
| >= 10 to < 12      |     1 |
| >= 12 to < 14      |    26 |
| >= 14 to < 16      |     4 |
| >= 16              |    23 |
+--------------------+-------+
* Control sets can be remapped at either synth_design or opt_design


3. Flip-Flop Distribution
-------------------------

+--------------+-----------------------+------------------------+-----------------+--------------+
| Clock Enable | Synchronous Set/Reset | Asynchronous Set/Reset | Total Registers | Total Slices |
+--------------+-----------------------+------------------------+-----------------+--------------+
| No           | No                    | No                     |             291 |           83 |
| No           | No                    | Yes                    |               0 |            0 |
| No           | Yes                   | No                     |             316 |          110 |
| Yes          | No                    | No                     |             484 |          123 |
| Yes          | No                    | Yes                    |               0 |            0 |
| Yes          | Yes                   | No                     |             498 |          120 |
+--------------+-----------------------+------------------------+-----------------+--------------+


4. Detailed Control Set Information
-----------------------------------

+--------------------------------------------------------------+-------------------------------------------------------------------------------------------------------------------------------------------------------------------------------------------+----------------------------------------------------------------------------------------------------------------------------------------------------------+------------------+----------------+--------------+
|                         Clock Signal                         |                                                                                       Enable Signal                                                                                       |                                                                     Set/Reset Signal                                                                     | Slice Load Count | Bel Load Count | Bels / Slice |
+--------------------------------------------------------------+-------------------------------------------------------------------------------------------------------------------------------------------------------------------------------------------+----------------------------------------------------------------------------------------------------------------------------------------------------------+------------------+----------------+--------------+
|  system_i/PS7/processing_system7_0/inst/FCLK_CLK0            | system_i/PS7/ps7_0_axi_periph/xbar/inst/gen_samd.crossbar_samd/gen_slave_slots[0].gen_si_write.wdata_router_w/wrouter_aw_fifo/gen_srls[0].gen_rep[1].srl_nx1/push                         |                                                                                                                                                          |                1 |              1 |         1.00 |
|  system_i/DataAcquisition/axis_red_pitaya_adc_0/inst/adc_clk |                                                                                                                                                                                           |                                                                                                                                                          |                2 |              2 |         1.00 |
|  system_i/PS7/processing_system7_0/inst/FCLK_CLK0            | system_i/PS7/ps7_0_axi_periph/m00_couplers/auto_pc/inst/gen_axilite.gen_b2s_conv.axilite_b2s/WR.b_channel_0/bid_fifo_0/bresp_push                                                         |                                                                                                                                                          |                1 |              2 |         2.00 |
|  system_i/PS7/processing_system7_0/inst/FCLK_CLK0            | system_i/PS7/ps7_0_axi_periph/xbar/inst/gen_samd.crossbar_samd/gen_slave_slots[0].gen_si_read.si_transactor_ar/gen_multi_thread.arbiter_resp_inst/E[0]                                    | system_i/PS7/ps7_0_axi_periph/xbar/inst/gen_samd.crossbar_samd/gen_slave_slots[0].gen_si_write.si_transactor_aw/gen_multi_thread.arbiter_resp_inst/SR[0] |                1 |              4 |         4.00 |
|  system_i/PS7/processing_system7_0/inst/FCLK_CLK0            | system_i/PS7/ps7_0_axi_periph/xbar/inst/gen_samd.crossbar_samd/gen_slave_slots[0].gen_si_read.si_transactor_ar/gen_multi_thread.arbiter_resp_inst/gen_no_arbiter.s_ready_i_reg[0]_0[0]    | system_i/PS7/ps7_0_axi_periph/xbar/inst/gen_samd.crossbar_samd/gen_slave_slots[0].gen_si_write.si_transactor_aw/gen_multi_thread.arbiter_resp_inst/SR[0] |                1 |              4 |         4.00 |
|  system_i/PS7/processing_system7_0/inst/FCLK_CLK0            | system_i/PS7/ps7_0_axi_periph/xbar/inst/gen_samd.crossbar_samd/addr_arbiter_aw/E[0]                                                                                                       | system_i/PS7/ps7_0_axi_periph/xbar/inst/gen_samd.crossbar_samd/gen_slave_slots[0].gen_si_write.si_transactor_aw/gen_multi_thread.arbiter_resp_inst/SR[0] |                2 |              4 |         2.00 |
|  system_i/PS7/processing_system7_0/inst/FCLK_CLK0            | system_i/PS7/ps7_0_axi_periph/xbar/inst/gen_samd.crossbar_samd/gen_master_slots[0].reg_slice_mi/r.r_pipe/E[0]                                                                             | system_i/PS7/ps7_0_axi_periph/xbar/inst/gen_samd.crossbar_samd/gen_slave_slots[0].gen_si_write.si_transactor_aw/gen_multi_thread.arbiter_resp_inst/SR[0] |                2 |              4 |         2.00 |
|  system_i/PS7/processing_system7_0/inst/FCLK_CLK0            |                                                                                                                                                                                           | system_i/PS7/rst_ps7_0_125M/U0/EXT_LPF/lpf_int                                                                                                           |                1 |              4 |         4.00 |
|  system_i/PS7/processing_system7_0/inst/FCLK_CLK0            | system_i/PS7/ps7_0_axi_periph/xbar/inst/gen_samd.crossbar_samd/gen_slave_slots[0].gen_si_read.si_transactor_ar/gen_multi_thread.arbiter_resp_inst/gen_no_arbiter.s_ready_i_reg[0]_1[0]    | system_i/PS7/ps7_0_axi_periph/xbar/inst/gen_samd.crossbar_samd/gen_slave_slots[0].gen_si_write.si_transactor_aw/gen_multi_thread.arbiter_resp_inst/SR[0] |                1 |              4 |         4.00 |
|  system_i/PS7/processing_system7_0/inst/FCLK_CLK0            |                                                                                                                                                                                           | system_i/axi_gpio_0/U0/AXI_LITE_IPIF_I/I_SLAVE_ATTACHMENT/clear                                                                                          |                1 |              4 |         4.00 |
|  system_i/PS7/processing_system7_0/inst/FCLK_CLK0            | system_i/PS7/ps7_0_axi_periph/xbar/inst/gen_samd.crossbar_samd/gen_slave_slots[0].gen_si_read.si_transactor_ar/gen_multi_thread.arbiter_resp_inst/gen_multi_thread.accept_cnt_reg[2][0]   | system_i/PS7/ps7_0_axi_periph/xbar/inst/gen_samd.crossbar_samd/gen_slave_slots[0].gen_si_write.si_transactor_aw/gen_multi_thread.arbiter_resp_inst/SR[0] |                1 |              4 |         4.00 |
|  system_i/PS7/processing_system7_0/inst/FCLK_CLK0            | system_i/PS7/ps7_0_axi_periph/xbar/inst/gen_samd.crossbar_samd/gen_slave_slots[0].gen_si_read.si_transactor_ar/gen_multi_thread.arbiter_resp_inst/gen_no_arbiter.s_ready_i_reg[0]_3[0]    | system_i/PS7/ps7_0_axi_periph/xbar/inst/gen_samd.crossbar_samd/gen_slave_slots[0].gen_si_write.si_transactor_aw/gen_multi_thread.arbiter_resp_inst/SR[0] |                1 |              4 |         4.00 |
|  system_i/PS7/processing_system7_0/inst/FCLK_CLK0            | system_i/PS7/ps7_0_axi_periph/xbar/inst/gen_samd.crossbar_samd/gen_slave_slots[0].gen_si_read.si_transactor_ar/gen_multi_thread.arbiter_resp_inst/gen_no_arbiter.s_ready_i_reg[0]_6[0]    | system_i/PS7/ps7_0_axi_periph/xbar/inst/gen_samd.crossbar_samd/gen_slave_slots[0].gen_si_write.si_transactor_aw/gen_multi_thread.arbiter_resp_inst/SR[0] |                2 |              4 |         2.00 |
|  system_i/PS7/processing_system7_0/inst/FCLK_CLK0            | system_i/PS7/ps7_0_axi_periph/xbar/inst/gen_samd.crossbar_samd/gen_slave_slots[0].gen_si_read.si_transactor_ar/gen_multi_thread.arbiter_resp_inst/gen_no_arbiter.s_ready_i_reg[0]_2[0]    | system_i/PS7/ps7_0_axi_periph/xbar/inst/gen_samd.crossbar_samd/gen_slave_slots[0].gen_si_write.si_transactor_aw/gen_multi_thread.arbiter_resp_inst/SR[0] |                1 |              4 |         4.00 |
|  system_i/PS7/processing_system7_0/inst/FCLK_CLK0            | system_i/PS7/ps7_0_axi_periph/xbar/inst/gen_samd.crossbar_samd/gen_slave_slots[0].gen_si_read.si_transactor_ar/gen_multi_thread.arbiter_resp_inst/gen_no_arbiter.s_ready_i_reg[0]_4[0]    | system_i/PS7/ps7_0_axi_periph/xbar/inst/gen_samd.crossbar_samd/gen_slave_slots[0].gen_si_write.si_transactor_aw/gen_multi_thread.arbiter_resp_inst/SR[0] |                1 |              4 |         4.00 |
|  system_i/PS7/processing_system7_0/inst/FCLK_CLK0            |                                                                                                                                                                                           | system_i/PS7/ps7_0_axi_periph/m00_couplers/auto_pc/inst/gen_axilite.gen_b2s_conv.axilite_b2s/SI_REG/ar.ar_pipe/aresetn_d_reg[1]_inv_0                    |                4 |              4 |         1.00 |
|  system_i/PS7/processing_system7_0/inst/FCLK_CLK0            |                                                                                                                                                                                           | system_i/PS7/ps7_0_axi_periph/m00_couplers/auto_pc/inst/gen_axilite.gen_b2s_conv.axilite_b2s/SI_REG/aw.aw_pipe/aresetn_d_reg[0]_0                        |                4 |              4 |         1.00 |
|  system_i/PS7/processing_system7_0/inst/FCLK_CLK0            | system_i/PS7/ps7_0_axi_periph/xbar/inst/gen_samd.crossbar_samd/gen_slave_slots[0].gen_si_read.si_transactor_ar/gen_multi_thread.arbiter_resp_inst/gen_no_arbiter.s_ready_i_reg[0]_5[0]    | system_i/PS7/ps7_0_axi_periph/xbar/inst/gen_samd.crossbar_samd/gen_slave_slots[0].gen_si_write.si_transactor_aw/gen_multi_thread.arbiter_resp_inst/SR[0] |                1 |              4 |         4.00 |
|  system_i/PS7/processing_system7_0/inst/FCLK_CLK0            | system_i/axi_gpio_0/U0/AXI_LITE_IPIF_I/I_SLAVE_ATTACHMENT/bus2ip_addr_i[8]_i_1_n_0                                                                                                        | system_i/axi_gpio_0/U0/AXI_LITE_IPIF_I/I_SLAVE_ATTACHMENT/SR[0]                                                                                          |                2 |              4 |         2.00 |
|  system_i/PS7/processing_system7_0/inst/FCLK_CLK0            | system_i/PS7/ps7_0_axi_periph/xbar/inst/gen_samd.crossbar_samd/gen_slave_slots[0].gen_si_write.si_transactor_aw/gen_multi_thread.arbiter_resp_inst/gen_multi_thread.active_cnt_reg[57][0] | system_i/PS7/ps7_0_axi_periph/xbar/inst/gen_samd.crossbar_samd/gen_slave_slots[0].gen_si_write.si_transactor_aw/gen_multi_thread.arbiter_resp_inst/SR[0] |                1 |              4 |         4.00 |
|  system_i/PS7/processing_system7_0/inst/FCLK_CLK0            | system_i/axi_gpio_0/U0/AXI_LITE_IPIF_I/I_SLAVE_ATTACHMENT/start2                                                                                                                          | system_i/axi_gpio_0/U0/AXI_LITE_IPIF_I/I_SLAVE_ATTACHMENT/I_DECODER/cs_ce_clr                                                                            |                1 |              4 |         4.00 |
|  system_i/PS7/processing_system7_0/inst/FCLK_CLK0            | system_i/PS7/ps7_0_axi_periph/xbar/inst/gen_samd.crossbar_samd/gen_slave_slots[0].gen_si_write.wdata_router_w/wrouter_aw_fifo/m_valid_i                                                   | system_i/PS7/ps7_0_axi_periph/xbar/inst/gen_samd.crossbar_samd/gen_slave_slots[0].gen_si_write.wdata_router_w/wrouter_aw_fifo/areset_d1                  |                1 |              4 |         4.00 |
|  system_i/PS7/processing_system7_0/inst/FCLK_CLK0            | system_i/PS7/ps7_0_axi_periph/xbar/inst/gen_samd.crossbar_samd/gen_slave_slots[0].gen_si_write.si_transactor_aw/gen_multi_thread.arbiter_resp_inst/E[0]                                   | system_i/PS7/ps7_0_axi_periph/xbar/inst/gen_samd.crossbar_samd/gen_slave_slots[0].gen_si_write.si_transactor_aw/gen_multi_thread.arbiter_resp_inst/SR[0] |                2 |              4 |         2.00 |
|  system_i/PS7/processing_system7_0/inst/FCLK_CLK0            | system_i/PS7/ps7_0_axi_periph/xbar/inst/gen_samd.crossbar_samd/gen_slave_slots[0].gen_si_write.si_transactor_aw/gen_multi_thread.arbiter_resp_inst/gen_multi_thread.active_cnt_reg[18][0] | system_i/PS7/ps7_0_axi_periph/xbar/inst/gen_samd.crossbar_samd/gen_slave_slots[0].gen_si_write.si_transactor_aw/gen_multi_thread.arbiter_resp_inst/SR[0] |                1 |              4 |         4.00 |
|  system_i/PS7/processing_system7_0/inst/FCLK_CLK0            | system_i/PS7/ps7_0_axi_periph/xbar/inst/gen_samd.crossbar_samd/gen_slave_slots[0].gen_si_write.si_transactor_aw/gen_multi_thread.arbiter_resp_inst/gen_multi_thread.active_cnt_reg[1][0]  | system_i/PS7/ps7_0_axi_periph/xbar/inst/gen_samd.crossbar_samd/gen_slave_slots[0].gen_si_write.si_transactor_aw/gen_multi_thread.arbiter_resp_inst/SR[0] |                3 |              4 |         1.33 |
|  system_i/PS7/processing_system7_0/inst/FCLK_CLK0            | system_i/PS7/ps7_0_axi_periph/xbar/inst/gen_samd.crossbar_samd/gen_slave_slots[0].gen_si_write.si_transactor_aw/gen_multi_thread.arbiter_resp_inst/gen_multi_thread.active_cnt_reg[25][0] | system_i/PS7/ps7_0_axi_periph/xbar/inst/gen_samd.crossbar_samd/gen_slave_slots[0].gen_si_write.si_transactor_aw/gen_multi_thread.arbiter_resp_inst/SR[0] |                1 |              4 |         4.00 |
|  system_i/PS7/processing_system7_0/inst/FCLK_CLK0            | system_i/PS7/ps7_0_axi_periph/xbar/inst/gen_samd.crossbar_samd/gen_slave_slots[0].gen_si_write.si_transactor_aw/gen_multi_thread.arbiter_resp_inst/gen_multi_thread.active_cnt_reg[9][0]  | system_i/PS7/ps7_0_axi_periph/xbar/inst/gen_samd.crossbar_samd/gen_slave_slots[0].gen_si_write.si_transactor_aw/gen_multi_thread.arbiter_resp_inst/SR[0] |                2 |              4 |         2.00 |
|  system_i/PS7/processing_system7_0/inst/FCLK_CLK0            | system_i/PS7/ps7_0_axi_periph/xbar/inst/gen_samd.crossbar_samd/gen_slave_slots[0].gen_si_write.si_transactor_aw/gen_multi_thread.arbiter_resp_inst/gen_multi_thread.active_cnt_reg[33][0] | system_i/PS7/ps7_0_axi_periph/xbar/inst/gen_samd.crossbar_samd/gen_slave_slots[0].gen_si_write.si_transactor_aw/gen_multi_thread.arbiter_resp_inst/SR[0] |                1 |              4 |         4.00 |
|  system_i/PS7/processing_system7_0/inst/FCLK_CLK0            | system_i/PS7/ps7_0_axi_periph/xbar/inst/gen_samd.crossbar_samd/gen_slave_slots[0].gen_si_write.si_transactor_aw/gen_multi_thread.arbiter_resp_inst/gen_multi_thread.active_cnt_reg[42][0] | system_i/PS7/ps7_0_axi_periph/xbar/inst/gen_samd.crossbar_samd/gen_slave_slots[0].gen_si_write.si_transactor_aw/gen_multi_thread.arbiter_resp_inst/SR[0] |                1 |              4 |         4.00 |
|  system_i/PS7/processing_system7_0/inst/FCLK_CLK0            | system_i/PS7/ps7_0_axi_periph/xbar/inst/gen_samd.crossbar_samd/gen_slave_slots[0].gen_si_write.si_transactor_aw/gen_multi_thread.arbiter_resp_inst/gen_multi_thread.active_cnt_reg[49][0] | system_i/PS7/ps7_0_axi_periph/xbar/inst/gen_samd.crossbar_samd/gen_slave_slots[0].gen_si_write.si_transactor_aw/gen_multi_thread.arbiter_resp_inst/SR[0] |                1 |              4 |         4.00 |
|  system_i/PS7/processing_system7_0/inst/FCLK_CLK0            | system_i/PS7/ps7_0_axi_periph/m00_couplers/auto_pc/inst/gen_axilite.gen_b2s_conv.axilite_b2s/RD.r_channel_0/rd_data_fifo_0/cnt_read[4]_i_1_n_0                                            | system_i/PS7/ps7_0_axi_periph/m00_couplers/auto_pc/inst/gen_axilite.gen_b2s_conv.axilite_b2s/areset_d1                                                   |                2 |              5 |         2.50 |
|  system_i/PS7/processing_system7_0/inst/FCLK_CLK0            | system_i/PS7/ps7_0_axi_periph/m00_couplers/auto_pc/inst/gen_axilite.gen_b2s_conv.axilite_b2s/RD.r_channel_0/transaction_fifo_0/cnt_read[4]_i_1__0_n_0                                     | system_i/PS7/ps7_0_axi_periph/m00_couplers/auto_pc/inst/gen_axilite.gen_b2s_conv.axilite_b2s/areset_d1                                                   |                2 |              5 |         2.50 |
|  system_i/PS7/processing_system7_0/inst/FCLK_CLK0            | system_i/PS7/rst_ps7_0_125M/U0/SEQ/seq_cnt_en                                                                                                                                             | system_i/PS7/rst_ps7_0_125M/U0/SEQ/SEQ_COUNTER/clear                                                                                                     |                1 |              6 |         6.00 |
|  system_i/PS7/processing_system7_0/inst/FCLK_CLK0            |                                                                                                                                                                                           | system_i/PS7/ps7_0_axi_periph/xbar/inst/gen_samd.crossbar_samd/gen_master_slots[1].reg_slice_mi/b.b_pipe/p_1_in                                          |                3 |              6 |         2.00 |
|  system_i/PS7/processing_system7_0/inst/FCLK_CLK0            |                                                                                                                                                                                           | system_i/PS7/ps7_0_axi_periph/xbar/inst/gen_samd.crossbar_samd/gen_master_slots[1].reg_slice_mi/b.b_pipe/p_0_in                                          |                3 |              6 |         2.00 |
|  system_i/PS7/processing_system7_0/inst/FCLK_CLK0            | system_i/PS7/ps7_0_axi_periph/xbar/inst/gen_samd.crossbar_samd/gen_decerr_slave.decerr_slave_inst/gen_axi.read_cnt[7]_i_1_n_0                                                             | system_i/PS7/ps7_0_axi_periph/xbar/inst/gen_samd.crossbar_samd/gen_slave_slots[0].gen_si_write.si_transactor_aw/gen_multi_thread.arbiter_resp_inst/SR[0] |                3 |              8 |         2.67 |
|  system_i/PS7/processing_system7_0/inst/FCLK_CLK0            | system_i/PS7/ps7_0_axi_periph/m00_couplers/auto_pc/inst/gen_axilite.gen_b2s_conv.axilite_b2s/WR.b_channel_0/mhandshake_r                                                                  | system_i/PS7/ps7_0_axi_periph/m00_couplers/auto_pc/inst/gen_axilite.gen_b2s_conv.axilite_b2s/WR.b_channel_0/bid_fifo_0/SR[0]                             |                3 |              8 |         2.67 |
|  system_i/PS7/processing_system7_0/inst/FCLK_CLK0            |                                                                                                                                                                                           | system_i/PS7/ps7_0_axi_periph/m00_couplers/auto_pc/inst/gen_axilite.gen_b2s_conv.axilite_b2s/areset_d1                                                   |                3 |             10 |         3.33 |
|  system_i/PS7/processing_system7_0/inst/FCLK_CLK0            | system_i/PS7/ps7_0_axi_periph/xbar/inst/gen_samd.crossbar_samd/gen_decerr_slave.decerr_slave_inst/gen_axi.s_axi_bid_i[11]_i_1_n_0                                                         | system_i/PS7/ps7_0_axi_periph/xbar/inst/gen_samd.crossbar_samd/gen_slave_slots[0].gen_si_write.si_transactor_aw/gen_multi_thread.arbiter_resp_inst/SR[0] |                3 |             12 |         4.00 |
|  system_i/PS7/processing_system7_0/inst/FCLK_CLK0            | system_i/PS7/ps7_0_axi_periph/m00_couplers/auto_pc/inst/gen_axilite.gen_b2s_conv.axilite_b2s/WR.aw_channel_0/cmd_translator_0/incr_cmd_0/axaddr_incr[11]_i_1_n_0                          |                                                                                                                                                          |                3 |             12 |         4.00 |
|  system_i/PS7/processing_system7_0/inst/FCLK_CLK0            | system_i/PS7/ps7_0_axi_periph/m00_couplers/auto_pc/inst/gen_axilite.gen_b2s_conv.axilite_b2s/WR.aw_channel_0/aw_cmd_fsm_0/FSM_sequential_state_reg[1]_0[0]                                |                                                                                                                                                          |                5 |             12 |         2.40 |
|  system_i/PS7/processing_system7_0/inst/FCLK_CLK0            | system_i/PS7/ps7_0_axi_periph/xbar/inst/gen_samd.crossbar_samd/gen_master_slots[2].reg_slice_mi/b.b_pipe/E[0]                                                                             |                                                                                                                                                          |                5 |             12 |         2.40 |
|  system_i/PS7/processing_system7_0/inst/FCLK_CLK0            | system_i/PS7/ps7_0_axi_periph/xbar/inst/gen_samd.crossbar_samd/gen_decerr_slave.decerr_slave_inst/s_axi_rvalid_i                                                                          | system_i/PS7/ps7_0_axi_periph/xbar/inst/gen_samd.crossbar_samd/gen_slave_slots[0].gen_si_write.si_transactor_aw/gen_multi_thread.arbiter_resp_inst/SR[0] |                2 |             12 |         6.00 |
|  system_i/PS7/processing_system7_0/inst/FCLK_CLK0            | system_i/PS7/ps7_0_axi_periph/m00_couplers/auto_pc/inst/gen_axilite.gen_b2s_conv.axilite_b2s/RD.ar_channel_0/ar_cmd_fsm_0/FSM_sequential_state_reg[1]_0[0]                                |                                                                                                                                                          |                5 |             12 |         2.40 |
|  system_i/PS7/processing_system7_0/inst/FCLK_CLK0            | system_i/PS7/ps7_0_axi_periph/m00_couplers/auto_pc/inst/gen_axilite.gen_b2s_conv.axilite_b2s/RD.ar_channel_0/ar_cmd_fsm_0/sel_first_reg[0]                                                |                                                                                                                                                          |                3 |             12 |         4.00 |
|  system_i/PS7/processing_system7_0/inst/FCLK_CLK0            | system_i/PS7/ps7_0_axi_periph/xbar/inst/gen_samd.crossbar_samd/gen_slave_slots[0].gen_si_read.si_transactor_ar/gen_multi_thread.cmd_push_7                                                | system_i/PS7/ps7_0_axi_periph/xbar/inst/gen_samd.crossbar_samd/gen_slave_slots[0].gen_si_write.si_transactor_aw/gen_multi_thread.arbiter_resp_inst/SR[0] |                4 |             13 |         3.25 |
|  system_i/PS7/processing_system7_0/inst/FCLK_CLK0            | system_i/PS7/ps7_0_axi_periph/xbar/inst/gen_samd.crossbar_samd/gen_slave_slots[0].gen_si_write.si_transactor_aw/gen_multi_thread.cmd_push_0                                               | system_i/PS7/ps7_0_axi_periph/xbar/inst/gen_samd.crossbar_samd/gen_slave_slots[0].gen_si_write.si_transactor_aw/gen_multi_thread.arbiter_resp_inst/SR[0] |                3 |             13 |         4.33 |
|  system_i/PS7/processing_system7_0/inst/FCLK_CLK0            | system_i/PS7/ps7_0_axi_periph/xbar/inst/gen_samd.crossbar_samd/gen_slave_slots[0].gen_si_write.si_transactor_aw/gen_multi_thread.cmd_push_1                                               | system_i/PS7/ps7_0_axi_periph/xbar/inst/gen_samd.crossbar_samd/gen_slave_slots[0].gen_si_write.si_transactor_aw/gen_multi_thread.arbiter_resp_inst/SR[0] |                2 |             13 |         6.50 |
|  system_i/PS7/processing_system7_0/inst/FCLK_CLK0            | system_i/PS7/ps7_0_axi_periph/xbar/inst/gen_samd.crossbar_samd/gen_master_slots[2].reg_slice_mi/r.r_pipe/p_1_in_0                                                                         |                                                                                                                                                          |                4 |             13 |         3.25 |
|  system_i/PS7/processing_system7_0/inst/FCLK_CLK0            | system_i/PS7/ps7_0_axi_periph/xbar/inst/gen_samd.crossbar_samd/gen_master_slots[2].reg_slice_mi/r.r_pipe/s_ready_i_reg_0                                                                  |                                                                                                                                                          |                3 |             13 |         4.33 |
|  system_i/PS7/processing_system7_0/inst/FCLK_CLK0            | system_i/PS7/ps7_0_axi_periph/xbar/inst/gen_samd.crossbar_samd/gen_slave_slots[0].gen_si_write.si_transactor_aw/gen_multi_thread.cmd_push_2                                               | system_i/PS7/ps7_0_axi_periph/xbar/inst/gen_samd.crossbar_samd/gen_slave_slots[0].gen_si_write.si_transactor_aw/gen_multi_thread.arbiter_resp_inst/SR[0] |                4 |             13 |         3.25 |
|  system_i/PS7/processing_system7_0/inst/FCLK_CLK0            | system_i/PS7/ps7_0_axi_periph/xbar/inst/gen_samd.crossbar_samd/gen_slave_slots[0].gen_si_write.si_transactor_aw/gen_multi_thread.cmd_push_6                                               | system_i/PS7/ps7_0_axi_periph/xbar/inst/gen_samd.crossbar_samd/gen_slave_slots[0].gen_si_write.si_transactor_aw/gen_multi_thread.arbiter_resp_inst/SR[0] |                2 |             13 |         6.50 |
|  system_i/PS7/processing_system7_0/inst/FCLK_CLK0            | system_i/PS7/ps7_0_axi_periph/xbar/inst/gen_samd.crossbar_samd/gen_slave_slots[0].gen_si_write.si_transactor_aw/gen_multi_thread.cmd_push_4                                               | system_i/PS7/ps7_0_axi_periph/xbar/inst/gen_samd.crossbar_samd/gen_slave_slots[0].gen_si_write.si_transactor_aw/gen_multi_thread.arbiter_resp_inst/SR[0] |                2 |             13 |         6.50 |
|  system_i/PS7/processing_system7_0/inst/FCLK_CLK0            | system_i/PS7/ps7_0_axi_periph/xbar/inst/gen_samd.crossbar_samd/gen_slave_slots[0].gen_si_write.si_transactor_aw/gen_multi_thread.cmd_push_7                                               | system_i/PS7/ps7_0_axi_periph/xbar/inst/gen_samd.crossbar_samd/gen_slave_slots[0].gen_si_write.si_transactor_aw/gen_multi_thread.arbiter_resp_inst/SR[0] |                3 |             13 |         4.33 |
|  system_i/PS7/processing_system7_0/inst/FCLK_CLK0            | system_i/PS7/ps7_0_axi_periph/xbar/inst/gen_samd.crossbar_samd/gen_slave_slots[0].gen_si_write.si_transactor_aw/gen_multi_thread.cmd_push_5                                               | system_i/PS7/ps7_0_axi_periph/xbar/inst/gen_samd.crossbar_samd/gen_slave_slots[0].gen_si_write.si_transactor_aw/gen_multi_thread.arbiter_resp_inst/SR[0] |                2 |             13 |         6.50 |
|  system_i/PS7/processing_system7_0/inst/FCLK_CLK0            | system_i/PS7/ps7_0_axi_periph/xbar/inst/gen_samd.crossbar_samd/gen_slave_slots[0].gen_si_write.si_transactor_aw/gen_multi_thread.cmd_push_3                                               | system_i/PS7/ps7_0_axi_periph/xbar/inst/gen_samd.crossbar_samd/gen_slave_slots[0].gen_si_write.si_transactor_aw/gen_multi_thread.arbiter_resp_inst/SR[0] |                4 |             13 |         3.25 |
|  system_i/PS7/processing_system7_0/inst/FCLK_CLK0            | system_i/PS7/ps7_0_axi_periph/xbar/inst/gen_samd.crossbar_samd/gen_slave_slots[0].gen_si_read.si_transactor_ar/gen_multi_thread.cmd_push_0                                                | system_i/PS7/ps7_0_axi_periph/xbar/inst/gen_samd.crossbar_samd/gen_slave_slots[0].gen_si_write.si_transactor_aw/gen_multi_thread.arbiter_resp_inst/SR[0] |                3 |             13 |         4.33 |
|  system_i/PS7/processing_system7_0/inst/FCLK_CLK0            | system_i/PS7/ps7_0_axi_periph/xbar/inst/gen_samd.crossbar_samd/gen_slave_slots[0].gen_si_read.si_transactor_ar/gen_multi_thread.cmd_push_1                                                | system_i/PS7/ps7_0_axi_periph/xbar/inst/gen_samd.crossbar_samd/gen_slave_slots[0].gen_si_write.si_transactor_aw/gen_multi_thread.arbiter_resp_inst/SR[0] |                3 |             13 |         4.33 |
|  system_i/PS7/processing_system7_0/inst/FCLK_CLK0            | system_i/PS7/ps7_0_axi_periph/xbar/inst/gen_samd.crossbar_samd/gen_slave_slots[0].gen_si_read.si_transactor_ar/gen_multi_thread.cmd_push_4                                                | system_i/PS7/ps7_0_axi_periph/xbar/inst/gen_samd.crossbar_samd/gen_slave_slots[0].gen_si_write.si_transactor_aw/gen_multi_thread.arbiter_resp_inst/SR[0] |                2 |             13 |         6.50 |
|  system_i/PS7/processing_system7_0/inst/FCLK_CLK0            | system_i/PS7/ps7_0_axi_periph/xbar/inst/gen_samd.crossbar_samd/gen_slave_slots[0].gen_si_read.si_transactor_ar/gen_multi_thread.cmd_push_2                                                | system_i/PS7/ps7_0_axi_periph/xbar/inst/gen_samd.crossbar_samd/gen_slave_slots[0].gen_si_write.si_transactor_aw/gen_multi_thread.arbiter_resp_inst/SR[0] |                2 |             13 |         6.50 |
|  system_i/PS7/processing_system7_0/inst/FCLK_CLK0            | system_i/PS7/ps7_0_axi_periph/xbar/inst/gen_samd.crossbar_samd/gen_slave_slots[0].gen_si_read.si_transactor_ar/gen_multi_thread.cmd_push_5                                                | system_i/PS7/ps7_0_axi_periph/xbar/inst/gen_samd.crossbar_samd/gen_slave_slots[0].gen_si_write.si_transactor_aw/gen_multi_thread.arbiter_resp_inst/SR[0] |                2 |             13 |         6.50 |
|  system_i/PS7/processing_system7_0/inst/FCLK_CLK0            | system_i/PS7/ps7_0_axi_periph/m00_couplers/auto_pc/inst/gen_axilite.gen_b2s_conv.axilite_b2s/RD.r_channel_0/r_push_r                                                                      |                                                                                                                                                          |                4 |             13 |         3.25 |
|  system_i/PS7/processing_system7_0/inst/FCLK_CLK0            | system_i/PS7/ps7_0_axi_periph/xbar/inst/gen_samd.crossbar_samd/gen_slave_slots[0].gen_si_read.si_transactor_ar/gen_multi_thread.cmd_push_3                                                | system_i/PS7/ps7_0_axi_periph/xbar/inst/gen_samd.crossbar_samd/gen_slave_slots[0].gen_si_write.si_transactor_aw/gen_multi_thread.arbiter_resp_inst/SR[0] |                3 |             13 |         4.33 |
|  system_i/PS7/processing_system7_0/inst/FCLK_CLK0            | system_i/PS7/ps7_0_axi_periph/xbar/inst/gen_samd.crossbar_samd/gen_slave_slots[0].gen_si_read.si_transactor_ar/gen_multi_thread.cmd_push_6                                                | system_i/PS7/ps7_0_axi_periph/xbar/inst/gen_samd.crossbar_samd/gen_slave_slots[0].gen_si_write.si_transactor_aw/gen_multi_thread.arbiter_resp_inst/SR[0] |                3 |             13 |         4.33 |
|  system_i/PS7/processing_system7_0/inst/FCLK_CLK0            | system_i/PS7/ps7_0_axi_periph/xbar/inst/gen_samd.crossbar_samd/gen_master_slots[0].reg_slice_mi/b.b_pipe/E[0]                                                                             |                                                                                                                                                          |                3 |             14 |         4.67 |
|  system_i/PS7/processing_system7_0/inst/FCLK_CLK0            | system_i/axi_gpio_0/U0/AXI_LITE_IPIF_I/I_SLAVE_ATTACHMENT/I_DECODER/bus2ip_rnw_i_reg_0[0]                                                                                                 | system_i/axi_gpio_0/U0/AXI_LITE_IPIF_I/I_SLAVE_ATTACHMENT/SR[0]                                                                                          |                2 |             14 |         7.00 |
|  system_i/PS7/processing_system7_0/inst/FCLK_CLK0            | system_i/PS7/ps7_0_axi_periph/m00_couplers/auto_pc/inst/gen_axilite.gen_b2s_conv.axilite_b2s/SI_REG/b.b_pipe/s_ready_i_reg_0                                                              |                                                                                                                                                          |                2 |             14 |         7.00 |
|  system_i/PS7/processing_system7_0/inst/FCLK_CLK0            | system_i/PS7/ps7_0_axi_periph/m00_couplers/auto_pc/inst/gen_axilite.gen_b2s_conv.axilite_b2s/SI_REG/b.b_pipe/p_1_in                                                                       |                                                                                                                                                          |                3 |             14 |         4.67 |
|  system_i/PS7/processing_system7_0/inst/FCLK_CLK0            | system_i/PS7/ps7_0_axi_periph/m00_couplers/auto_pc/inst/gen_axilite.gen_b2s_conv.axilite_b2s/WR.b_channel_0/bid_fifo_0/sel                                                                |                                                                                                                                                          |                3 |             16 |         5.33 |
|  system_i/PS7/processing_system7_0/inst/FCLK_CLK0            | system_i/PS7/ps7_0_axi_periph/m00_couplers/auto_pc/inst/gen_axilite.gen_b2s_conv.axilite_b2s/WR.aw_channel_0/aw_cmd_fsm_0/E[0]                                                            |                                                                                                                                                          |                9 |             24 |         2.67 |
|  system_i/PS7/processing_system7_0/inst/FCLK_CLK0            | system_i/PS7/ps7_0_axi_periph/m00_couplers/auto_pc/inst/gen_axilite.gen_b2s_conv.axilite_b2s/RD.ar_channel_0/ar_cmd_fsm_0/E[0]                                                            |                                                                                                                                                          |               10 |             24 |         2.40 |
|  system_i/DataAcquisition/axis_red_pitaya_adc_0/inst/adc_clk |                                                                                                                                                                                           | system_i/signal_gen/axis_red_pitaya_dac_0/inst/int_rst_reg_i_1_n_0                                                                                       |               15 |             27 |         1.80 |
|  system_i/PS7/processing_system7_0/inst/FCLK_CLK0            |                                                                                                                                                                                           | system_i/PS7/ps7_0_axi_periph/xbar/inst/gen_samd.crossbar_samd/gen_slave_slots[0].gen_si_write.si_transactor_aw/gen_multi_thread.arbiter_resp_inst/SR[0] |               15 |             28 |         1.87 |
|  system_i/PS7/processing_system7_0/inst/FCLK_CLK0            | system_i/axi_gpio_0/U0/AXI_LITE_IPIF_I/I_SLAVE_ATTACHMENT/I_DECODER/E[0]                                                                                                                  | system_i/axi_gpio_0/U0/AXI_LITE_IPIF_I/I_SLAVE_ATTACHMENT/SR[0]                                                                                          |                7 |             32 |         4.57 |
|  system_i/PS7/processing_system7_0/inst/FCLK_CLK0            | system_i/PS7/ps7_0_axi_periph/m00_couplers/auto_pc/inst/gen_axilite.gen_b2s_conv.axilite_b2s/WR.b_channel_0/bid_fifo_0/E[0]                                                               |                                                                                                                                                          |                5 |             32 |         6.40 |
|  system_i/PS7/processing_system7_0/inst/FCLK_CLK0            | system_i/PS7/ps7_0_axi_periph/xbar/inst/gen_samd.crossbar_samd/addr_arbiter_ar/p_1_in                                                                                                     | system_i/PS7/ps7_0_axi_periph/xbar/inst/gen_samd.crossbar_samd/gen_slave_slots[0].gen_si_write.si_transactor_aw/gen_multi_thread.arbiter_resp_inst/SR[0] |                7 |             32 |         4.57 |
|  system_i/PS7/processing_system7_0/inst/FCLK_CLK0            | system_i/PS7/ps7_0_axi_periph/m00_couplers/auto_pc/inst/gen_axilite.gen_b2s_conv.axilite_b2s/SI_REG/ar.ar_pipe/s_ready_i_reg_0                                                            |                                                                                                                                                          |                9 |             32 |         3.56 |
|  system_i/PS7/processing_system7_0/inst/FCLK_CLK0            | system_i/PS7/ps7_0_axi_periph/m00_couplers/auto_pc/inst/gen_axilite.gen_b2s_conv.axilite_b2s/SI_REG/aw.aw_pipe/s_ready_i_reg_0                                                            |                                                                                                                                                          |                7 |             32 |         4.57 |
|  system_i/PS7/processing_system7_0/inst/FCLK_CLK0            | system_i/PS7/ps7_0_axi_periph/xbar/inst/gen_samd.crossbar_samd/addr_arbiter_aw/p_1_in                                                                                                     | system_i/PS7/ps7_0_axi_periph/xbar/inst/gen_samd.crossbar_samd/gen_slave_slots[0].gen_si_write.si_transactor_aw/gen_multi_thread.arbiter_resp_inst/SR[0] |                8 |             32 |         4.00 |
|  system_i/PS7/processing_system7_0/inst/FCLK_CLK0            | system_i/PS7/ps7_0_axi_periph/m00_couplers/auto_pc/inst/gen_axilite.gen_b2s_conv.axilite_b2s/RD.r_channel_0/rd_data_fifo_0/wr_en0                                                         |                                                                                                                                                          |                8 |             32 |         4.00 |
|  system_i/PS7/processing_system7_0/inst/FCLK_CLK0            | system_i/axi_gpio_0/U0/AXI_LITE_IPIF_I/I_SLAVE_ATTACHMENT/s_axi_rresp_i                                                                                                                   | system_i/axi_gpio_0/U0/AXI_LITE_IPIF_I/I_SLAVE_ATTACHMENT/SR[0]                                                                                          |                5 |             32 |         6.40 |
|  system_i/PS7/processing_system7_0/inst/FCLK_CLK0            | system_i/PS7/ps7_0_axi_periph/m00_couplers/auto_pc/inst/gen_axilite.gen_b2s_conv.axilite_b2s/RD.ar_channel_0/ar_cmd_fsm_0/m_valid_i_reg_0[0]                                              |                                                                                                                                                          |                7 |             32 |         4.57 |
|  system_i/DataAcquisition/axis_red_pitaya_adc_0/inst/adc_clk |                                                                                                                                                                                           | system_i/FrequencyCounter/frequency_counter_0/inst/p_0_in                                                                                                |               10 |             34 |         3.40 |
|  system_i/PS7/processing_system7_0/inst/FCLK_CLK0            | system_i/PS7/ps7_0_axi_periph/xbar/inst/gen_samd.crossbar_samd/gen_master_slots[0].reg_slice_mi/r.r_pipe/p_1_in_0                                                                         |                                                                                                                                                          |                9 |             45 |         5.00 |
|  system_i/PS7/processing_system7_0/inst/FCLK_CLK0            | system_i/PS7/ps7_0_axi_periph/xbar/inst/gen_samd.crossbar_samd/gen_master_slots[0].reg_slice_mi/r.r_pipe/s_ready_i_reg_0                                                                  |                                                                                                                                                          |               10 |             45 |         4.50 |
|  system_i/PS7/processing_system7_0/inst/FCLK_CLK0            | system_i/PS7/ps7_0_axi_periph/m00_couplers/auto_pc/inst/gen_axilite.gen_b2s_conv.axilite_b2s/SI_REG/r.r_pipe/p_1_in                                                                       |                                                                                                                                                          |               10 |             45 |         4.50 |
|  system_i/PS7/processing_system7_0/inst/FCLK_CLK0            | system_i/PS7/ps7_0_axi_periph/m00_couplers/auto_pc/inst/gen_axilite.gen_b2s_conv.axilite_b2s/SI_REG/r.r_pipe/s_ready_i_reg_0                                                              |                                                                                                                                                          |               11 |             45 |         4.09 |
|  system_i/PS7/processing_system7_0/inst/FCLK_CLK0            |                                                                                                                                                                                           | system_i/axi_gpio_0/U0/AXI_LITE_IPIF_I/I_SLAVE_ATTACHMENT/I_DECODER/bus2ip_rnw_i_reg_2                                                                   |               14 |             46 |         3.29 |
|  system_i/PS7/processing_system7_0/inst/FCLK_CLK0            |                                                                                                                                                                                           | system_i/axi_gpio_0/U0/AXI_LITE_IPIF_I/I_SLAVE_ATTACHMENT/SR[0]                                                                                          |               14 |             47 |         3.36 |
|  system_i/DataAcquisition/axis_red_pitaya_adc_0/inst/adc_clk |                                                                                                                                                                                           | system_i/FrequencyCounter/frequency_counter_0/inst/counter_output[31]_i_1_n_0                                                                            |               23 |             96 |         4.17 |
|  system_i/PS7/processing_system7_0/inst/FCLK_CLK0            |                                                                                                                                                                                           |                                                                                                                                                          |               82 |            290 |         3.54 |
+--------------------------------------------------------------+-------------------------------------------------------------------------------------------------------------------------------------------------------------------------------------------+----------------------------------------------------------------------------------------------------------------------------------------------------------+------------------+----------------+--------------+


