Copyright 1986-2020 Xilinx, Inc. All Rights Reserved.
--------------------------------------------------------------------------------------------------------------------------------------------------------------------------------
| Tool Version : Vivado v.2020.1 (win64) Build 2902540 Wed May 27 19:54:49 MDT 2020
| Date         : Fri Aug  2 16:29:46 2024
| Host         : DESKTOP-RDVR7FP running 64-bit major release  (build 9200)
| Command      : report_methodology -file system_wrapper_methodology_drc_routed.rpt -pb system_wrapper_methodology_drc_routed.pb -rpx system_wrapper_methodology_drc_routed.rpx
| Design       : system_wrapper
| Device       : xc7z010clg400-1
| Speed File   : -1
| Design State : Fully Routed
--------------------------------------------------------------------------------------------------------------------------------------------------------------------------------

Report Methodology

Table of Contents
-----------------
1. REPORT SUMMARY
2. REPORT DETAILS

1. REPORT SUMMARY
-----------------
            Netlist: netlist
          Floorplan: design_1
      Design limits: <entire design considered>
             Max violations: <unlimited>
             Violations found: 114
+-----------+----------+-------------------------------------------------+------------+
| Rule      | Severity | Description                                     | Violations |
+-----------+----------+-------------------------------------------------+------------+
| TIMING-16 | Warning  | Large setup violation                           | 32         |
| TIMING-18 | Warning  | Missing input or output delay                   | 14         |
| TIMING-20 | Warning  | Non-clocked latch                               | 64         |
| XDCC-5    | Warning  | User Non-Timing constraint/property overwritten | 4          |
+-----------+----------+-------------------------------------------------+------------+

2. REPORT DETAILS
-----------------
TIMING-16#1 Warning
Large setup violation  
There is a large setup violation of -2.754 ns between system_i/DataAcquisition/axis_red_pitaya_adc_0/inst/int_dat_a_reg_reg[1]/C (clocked by adc_clk) and system_i/FrequencyCounter/frequency_counter_0/inst/counter_output_reg[26]/D (clocked by adc_clk). Large setup violations at the end of those stages might be difficult to fix during the post-placement implementation flow and could be the result of non-optimal XDC constraints or non-optimal design architecture
Related violations: <none>

TIMING-16#2 Warning
Large setup violation  
There is a large setup violation of -2.760 ns between system_i/DataAcquisition/axis_red_pitaya_adc_0/inst/int_dat_a_reg_reg[1]/C (clocked by adc_clk) and system_i/FrequencyCounter/frequency_counter_0/inst/counter_output_reg[31]/D (clocked by adc_clk). Large setup violations at the end of those stages might be difficult to fix during the post-placement implementation flow and could be the result of non-optimal XDC constraints or non-optimal design architecture
Related violations: <none>

TIMING-16#3 Warning
Large setup violation  
There is a large setup violation of -2.819 ns between system_i/DataAcquisition/axis_red_pitaya_adc_0/inst/int_dat_a_reg_reg[1]/C (clocked by adc_clk) and system_i/FrequencyCounter/frequency_counter_0/inst/counter_output_reg[0]/D (clocked by adc_clk). Large setup violations at the end of those stages might be difficult to fix during the post-placement implementation flow and could be the result of non-optimal XDC constraints or non-optimal design architecture
Related violations: <none>

TIMING-16#4 Warning
Large setup violation  
There is a large setup violation of -2.826 ns between system_i/DataAcquisition/axis_red_pitaya_adc_0/inst/int_dat_a_reg_reg[1]/C (clocked by adc_clk) and system_i/FrequencyCounter/frequency_counter_0/inst/counter_output_reg[24]/D (clocked by adc_clk). Large setup violations at the end of those stages might be difficult to fix during the post-placement implementation flow and could be the result of non-optimal XDC constraints or non-optimal design architecture
Related violations: <none>

TIMING-16#5 Warning
Large setup violation  
There is a large setup violation of -2.827 ns between system_i/DataAcquisition/axis_red_pitaya_adc_0/inst/int_dat_a_reg_reg[1]/C (clocked by adc_clk) and system_i/FrequencyCounter/frequency_counter_0/inst/counter_output_reg[20]/D (clocked by adc_clk). Large setup violations at the end of those stages might be difficult to fix during the post-placement implementation flow and could be the result of non-optimal XDC constraints or non-optimal design architecture
Related violations: <none>

TIMING-16#6 Warning
Large setup violation  
There is a large setup violation of -2.828 ns between system_i/DataAcquisition/axis_red_pitaya_adc_0/inst/int_dat_a_reg_reg[1]/C (clocked by adc_clk) and system_i/FrequencyCounter/frequency_counter_0/inst/counter_output_reg[28]/D (clocked by adc_clk). Large setup violations at the end of those stages might be difficult to fix during the post-placement implementation flow and could be the result of non-optimal XDC constraints or non-optimal design architecture
Related violations: <none>

TIMING-16#7 Warning
Large setup violation  
There is a large setup violation of -2.829 ns between system_i/DataAcquisition/axis_red_pitaya_adc_0/inst/int_dat_a_reg_reg[1]/C (clocked by adc_clk) and system_i/FrequencyCounter/frequency_counter_0/inst/counter_output_reg[11]/D (clocked by adc_clk). Large setup violations at the end of those stages might be difficult to fix during the post-placement implementation flow and could be the result of non-optimal XDC constraints or non-optimal design architecture
Related violations: <none>

TIMING-16#8 Warning
Large setup violation  
There is a large setup violation of -2.829 ns between system_i/DataAcquisition/axis_red_pitaya_adc_0/inst/int_dat_a_reg_reg[1]/C (clocked by adc_clk) and system_i/FrequencyCounter/frequency_counter_0/inst/counter_output_reg[15]/D (clocked by adc_clk). Large setup violations at the end of those stages might be difficult to fix during the post-placement implementation flow and could be the result of non-optimal XDC constraints or non-optimal design architecture
Related violations: <none>

TIMING-16#9 Warning
Large setup violation  
There is a large setup violation of -2.881 ns between system_i/DataAcquisition/axis_red_pitaya_adc_0/inst/int_dat_a_reg_reg[1]/C (clocked by adc_clk) and system_i/FrequencyCounter/frequency_counter_0/inst/counter_output_reg[7]/D (clocked by adc_clk). Large setup violations at the end of those stages might be difficult to fix during the post-placement implementation flow and could be the result of non-optimal XDC constraints or non-optimal design architecture
Related violations: <none>

TIMING-16#10 Warning
Large setup violation  
There is a large setup violation of -2.890 ns between system_i/DataAcquisition/axis_red_pitaya_adc_0/inst/int_dat_a_reg_reg[1]/C (clocked by adc_clk) and system_i/FrequencyCounter/frequency_counter_0/inst/counter_output_reg[12]/D (clocked by adc_clk). Large setup violations at the end of those stages might be difficult to fix during the post-placement implementation flow and could be the result of non-optimal XDC constraints or non-optimal design architecture
Related violations: <none>

TIMING-16#11 Warning
Large setup violation  
There is a large setup violation of -2.890 ns between system_i/DataAcquisition/axis_red_pitaya_adc_0/inst/int_dat_a_reg_reg[1]/C (clocked by adc_clk) and system_i/FrequencyCounter/frequency_counter_0/inst/counter_output_reg[23]/D (clocked by adc_clk). Large setup violations at the end of those stages might be difficult to fix during the post-placement implementation flow and could be the result of non-optimal XDC constraints or non-optimal design architecture
Related violations: <none>

TIMING-16#12 Warning
Large setup violation  
There is a large setup violation of -2.890 ns between system_i/DataAcquisition/axis_red_pitaya_adc_0/inst/int_dat_a_reg_reg[1]/C (clocked by adc_clk) and system_i/FrequencyCounter/frequency_counter_0/inst/counter_output_reg[27]/D (clocked by adc_clk). Large setup violations at the end of those stages might be difficult to fix during the post-placement implementation flow and could be the result of non-optimal XDC constraints or non-optimal design architecture
Related violations: <none>

TIMING-16#13 Warning
Large setup violation  
There is a large setup violation of -2.892 ns between system_i/DataAcquisition/axis_red_pitaya_adc_0/inst/int_dat_a_reg_reg[1]/C (clocked by adc_clk) and system_i/FrequencyCounter/frequency_counter_0/inst/counter_output_reg[21]/D (clocked by adc_clk). Large setup violations at the end of those stages might be difficult to fix during the post-placement implementation flow and could be the result of non-optimal XDC constraints or non-optimal design architecture
Related violations: <none>

TIMING-16#14 Warning
Large setup violation  
There is a large setup violation of -2.892 ns between system_i/DataAcquisition/axis_red_pitaya_adc_0/inst/int_dat_a_reg_reg[1]/C (clocked by adc_clk) and system_i/FrequencyCounter/frequency_counter_0/inst/counter_output_reg[25]/D (clocked by adc_clk). Large setup violations at the end of those stages might be difficult to fix during the post-placement implementation flow and could be the result of non-optimal XDC constraints or non-optimal design architecture
Related violations: <none>

TIMING-16#15 Warning
Large setup violation  
There is a large setup violation of -2.893 ns between system_i/DataAcquisition/axis_red_pitaya_adc_0/inst/int_dat_a_reg_reg[1]/C (clocked by adc_clk) and system_i/FrequencyCounter/frequency_counter_0/inst/counter_output_reg[18]/D (clocked by adc_clk). Large setup violations at the end of those stages might be difficult to fix during the post-placement implementation flow and could be the result of non-optimal XDC constraints or non-optimal design architecture
Related violations: <none>

TIMING-16#16 Warning
Large setup violation  
There is a large setup violation of -2.893 ns between system_i/DataAcquisition/axis_red_pitaya_adc_0/inst/int_dat_a_reg_reg[1]/C (clocked by adc_clk) and system_i/FrequencyCounter/frequency_counter_0/inst/counter_output_reg[2]/D (clocked by adc_clk). Large setup violations at the end of those stages might be difficult to fix during the post-placement implementation flow and could be the result of non-optimal XDC constraints or non-optimal design architecture
Related violations: <none>

TIMING-16#17 Warning
Large setup violation  
There is a large setup violation of -2.893 ns between system_i/DataAcquisition/axis_red_pitaya_adc_0/inst/int_dat_a_reg_reg[1]/C (clocked by adc_clk) and system_i/FrequencyCounter/frequency_counter_0/inst/counter_output_reg[3]/D (clocked by adc_clk). Large setup violations at the end of those stages might be difficult to fix during the post-placement implementation flow and could be the result of non-optimal XDC constraints or non-optimal design architecture
Related violations: <none>

TIMING-16#18 Warning
Large setup violation  
There is a large setup violation of -2.894 ns between system_i/DataAcquisition/axis_red_pitaya_adc_0/inst/int_dat_a_reg_reg[1]/C (clocked by adc_clk) and system_i/FrequencyCounter/frequency_counter_0/inst/counter_output_reg[14]/D (clocked by adc_clk). Large setup violations at the end of those stages might be difficult to fix during the post-placement implementation flow and could be the result of non-optimal XDC constraints or non-optimal design architecture
Related violations: <none>

TIMING-16#19 Warning
Large setup violation  
There is a large setup violation of -2.894 ns between system_i/DataAcquisition/axis_red_pitaya_adc_0/inst/int_dat_a_reg_reg[1]/C (clocked by adc_clk) and system_i/FrequencyCounter/frequency_counter_0/inst/counter_output_reg[5]/D (clocked by adc_clk). Large setup violations at the end of those stages might be difficult to fix during the post-placement implementation flow and could be the result of non-optimal XDC constraints or non-optimal design architecture
Related violations: <none>

TIMING-16#20 Warning
Large setup violation  
There is a large setup violation of -2.894 ns between system_i/DataAcquisition/axis_red_pitaya_adc_0/inst/int_dat_a_reg_reg[1]/C (clocked by adc_clk) and system_i/FrequencyCounter/frequency_counter_0/inst/counter_output_reg[9]/D (clocked by adc_clk). Large setup violations at the end of those stages might be difficult to fix during the post-placement implementation flow and could be the result of non-optimal XDC constraints or non-optimal design architecture
Related violations: <none>

TIMING-16#21 Warning
Large setup violation  
There is a large setup violation of -2.896 ns between system_i/DataAcquisition/axis_red_pitaya_adc_0/inst/int_dat_a_reg_reg[1]/C (clocked by adc_clk) and system_i/FrequencyCounter/frequency_counter_0/inst/counter_output_reg[16]/D (clocked by adc_clk). Large setup violations at the end of those stages might be difficult to fix during the post-placement implementation flow and could be the result of non-optimal XDC constraints or non-optimal design architecture
Related violations: <none>

TIMING-16#22 Warning
Large setup violation  
There is a large setup violation of -2.896 ns between system_i/DataAcquisition/axis_red_pitaya_adc_0/inst/int_dat_a_reg_reg[1]/C (clocked by adc_clk) and system_i/FrequencyCounter/frequency_counter_0/inst/counter_output_reg[22]/D (clocked by adc_clk). Large setup violations at the end of those stages might be difficult to fix during the post-placement implementation flow and could be the result of non-optimal XDC constraints or non-optimal design architecture
Related violations: <none>

TIMING-16#23 Warning
Large setup violation  
There is a large setup violation of -2.896 ns between system_i/DataAcquisition/axis_red_pitaya_adc_0/inst/int_dat_a_reg_reg[1]/C (clocked by adc_clk) and system_i/FrequencyCounter/frequency_counter_0/inst/counter_output_reg[4]/D (clocked by adc_clk). Large setup violations at the end of those stages might be difficult to fix during the post-placement implementation flow and could be the result of non-optimal XDC constraints or non-optimal design architecture
Related violations: <none>

TIMING-16#24 Warning
Large setup violation  
There is a large setup violation of -2.898 ns between system_i/DataAcquisition/axis_red_pitaya_adc_0/inst/int_dat_a_reg_reg[1]/C (clocked by adc_clk) and system_i/FrequencyCounter/frequency_counter_0/inst/counter_output_reg[13]/D (clocked by adc_clk). Large setup violations at the end of those stages might be difficult to fix during the post-placement implementation flow and could be the result of non-optimal XDC constraints or non-optimal design architecture
Related violations: <none>

TIMING-16#25 Warning
Large setup violation  
There is a large setup violation of -2.900 ns between system_i/DataAcquisition/axis_red_pitaya_adc_0/inst/int_dat_a_reg_reg[1]/C (clocked by adc_clk) and system_i/FrequencyCounter/frequency_counter_0/inst/counter_output_reg[29]/D (clocked by adc_clk). Large setup violations at the end of those stages might be difficult to fix during the post-placement implementation flow and could be the result of non-optimal XDC constraints or non-optimal design architecture
Related violations: <none>

TIMING-16#26 Warning
Large setup violation  
There is a large setup violation of -2.905 ns between system_i/DataAcquisition/axis_red_pitaya_adc_0/inst/int_dat_a_reg_reg[1]/C (clocked by adc_clk) and system_i/FrequencyCounter/frequency_counter_0/inst/counter_output_reg[19]/D (clocked by adc_clk). Large setup violations at the end of those stages might be difficult to fix during the post-placement implementation flow and could be the result of non-optimal XDC constraints or non-optimal design architecture
Related violations: <none>

TIMING-16#27 Warning
Large setup violation  
There is a large setup violation of -2.906 ns between system_i/DataAcquisition/axis_red_pitaya_adc_0/inst/int_dat_a_reg_reg[1]/C (clocked by adc_clk) and system_i/FrequencyCounter/frequency_counter_0/inst/counter_output_reg[17]/D (clocked by adc_clk). Large setup violations at the end of those stages might be difficult to fix during the post-placement implementation flow and could be the result of non-optimal XDC constraints or non-optimal design architecture
Related violations: <none>

TIMING-16#28 Warning
Large setup violation  
There is a large setup violation of -2.907 ns between system_i/DataAcquisition/axis_red_pitaya_adc_0/inst/int_dat_a_reg_reg[1]/C (clocked by adc_clk) and system_i/FrequencyCounter/frequency_counter_0/inst/counter_output_reg[1]/D (clocked by adc_clk). Large setup violations at the end of those stages might be difficult to fix during the post-placement implementation flow and could be the result of non-optimal XDC constraints or non-optimal design architecture
Related violations: <none>

TIMING-16#29 Warning
Large setup violation  
There is a large setup violation of -2.910 ns between system_i/DataAcquisition/axis_red_pitaya_adc_0/inst/int_dat_a_reg_reg[1]/C (clocked by adc_clk) and system_i/FrequencyCounter/frequency_counter_0/inst/counter_output_reg[8]/D (clocked by adc_clk). Large setup violations at the end of those stages might be difficult to fix during the post-placement implementation flow and could be the result of non-optimal XDC constraints or non-optimal design architecture
Related violations: <none>

TIMING-16#30 Warning
Large setup violation  
There is a large setup violation of -2.917 ns between system_i/DataAcquisition/axis_red_pitaya_adc_0/inst/int_dat_a_reg_reg[1]/C (clocked by adc_clk) and system_i/FrequencyCounter/frequency_counter_0/inst/counter_output_reg[10]/D (clocked by adc_clk). Large setup violations at the end of those stages might be difficult to fix during the post-placement implementation flow and could be the result of non-optimal XDC constraints or non-optimal design architecture
Related violations: <none>

TIMING-16#31 Warning
Large setup violation  
There is a large setup violation of -2.920 ns between system_i/DataAcquisition/axis_red_pitaya_adc_0/inst/int_dat_a_reg_reg[1]/C (clocked by adc_clk) and system_i/FrequencyCounter/frequency_counter_0/inst/counter_output_reg[6]/D (clocked by adc_clk). Large setup violations at the end of those stages might be difficult to fix during the post-placement implementation flow and could be the result of non-optimal XDC constraints or non-optimal design architecture
Related violations: <none>

TIMING-16#32 Warning
Large setup violation  
There is a large setup violation of -2.930 ns between system_i/DataAcquisition/axis_red_pitaya_adc_0/inst/int_dat_a_reg_reg[1]/C (clocked by adc_clk) and system_i/FrequencyCounter/frequency_counter_0/inst/counter_output_reg[30]/D (clocked by adc_clk). Large setup violations at the end of those stages might be difficult to fix during the post-placement implementation flow and could be the result of non-optimal XDC constraints or non-optimal design architecture
Related violations: <none>

TIMING-18#1 Warning
Missing input or output delay  
An input delay is missing on adc_dat_a_i[0] relative to clock(s) adc_clk
Related violations: <none>

TIMING-18#2 Warning
Missing input or output delay  
An input delay is missing on adc_dat_a_i[10] relative to clock(s) adc_clk
Related violations: <none>

TIMING-18#3 Warning
Missing input or output delay  
An input delay is missing on adc_dat_a_i[11] relative to clock(s) adc_clk
Related violations: <none>

TIMING-18#4 Warning
Missing input or output delay  
An input delay is missing on adc_dat_a_i[12] relative to clock(s) adc_clk
Related violations: <none>

TIMING-18#5 Warning
Missing input or output delay  
An input delay is missing on adc_dat_a_i[13] relative to clock(s) adc_clk
Related violations: <none>

TIMING-18#6 Warning
Missing input or output delay  
An input delay is missing on adc_dat_a_i[1] relative to clock(s) adc_clk
Related violations: <none>

TIMING-18#7 Warning
Missing input or output delay  
An input delay is missing on adc_dat_a_i[2] relative to clock(s) adc_clk
Related violations: <none>

TIMING-18#8 Warning
Missing input or output delay  
An input delay is missing on adc_dat_a_i[3] relative to clock(s) adc_clk
Related violations: <none>

TIMING-18#9 Warning
Missing input or output delay  
An input delay is missing on adc_dat_a_i[4] relative to clock(s) adc_clk
Related violations: <none>

TIMING-18#10 Warning
Missing input or output delay  
An input delay is missing on adc_dat_a_i[5] relative to clock(s) adc_clk
Related violations: <none>

TIMING-18#11 Warning
Missing input or output delay  
An input delay is missing on adc_dat_a_i[6] relative to clock(s) adc_clk
Related violations: <none>

TIMING-18#12 Warning
Missing input or output delay  
An input delay is missing on adc_dat_a_i[7] relative to clock(s) adc_clk
Related violations: <none>

TIMING-18#13 Warning
Missing input or output delay  
An input delay is missing on adc_dat_a_i[8] relative to clock(s) adc_clk
Related violations: <none>

TIMING-18#14 Warning
Missing input or output delay  
An input delay is missing on adc_dat_a_i[9] relative to clock(s) adc_clk
Related violations: <none>

TIMING-20#1 Warning
Non-clocked latch  
The latch system_i/FrequencyCounter/frequency_counter_0/inst/clock_counter_next_reg[0] cannot be properly analyzed as its control pin system_i/FrequencyCounter/frequency_counter_0/inst/clock_counter_next_reg[0]/G is not reached by a timing clock
Related violations: <none>

TIMING-20#2 Warning
Non-clocked latch  
The latch system_i/FrequencyCounter/frequency_counter_0/inst/clock_counter_next_reg[10] cannot be properly analyzed as its control pin system_i/FrequencyCounter/frequency_counter_0/inst/clock_counter_next_reg[10]/G is not reached by a timing clock
Related violations: <none>

TIMING-20#3 Warning
Non-clocked latch  
The latch system_i/FrequencyCounter/frequency_counter_0/inst/clock_counter_next_reg[11] cannot be properly analyzed as its control pin system_i/FrequencyCounter/frequency_counter_0/inst/clock_counter_next_reg[11]/G is not reached by a timing clock
Related violations: <none>

TIMING-20#4 Warning
Non-clocked latch  
The latch system_i/FrequencyCounter/frequency_counter_0/inst/clock_counter_next_reg[12] cannot be properly analyzed as its control pin system_i/FrequencyCounter/frequency_counter_0/inst/clock_counter_next_reg[12]/G is not reached by a timing clock
Related violations: <none>

TIMING-20#5 Warning
Non-clocked latch  
The latch system_i/FrequencyCounter/frequency_counter_0/inst/clock_counter_next_reg[13] cannot be properly analyzed as its control pin system_i/FrequencyCounter/frequency_counter_0/inst/clock_counter_next_reg[13]/G is not reached by a timing clock
Related violations: <none>

TIMING-20#6 Warning
Non-clocked latch  
The latch system_i/FrequencyCounter/frequency_counter_0/inst/clock_counter_next_reg[14] cannot be properly analyzed as its control pin system_i/FrequencyCounter/frequency_counter_0/inst/clock_counter_next_reg[14]/G is not reached by a timing clock
Related violations: <none>

TIMING-20#7 Warning
Non-clocked latch  
The latch system_i/FrequencyCounter/frequency_counter_0/inst/clock_counter_next_reg[15] cannot be properly analyzed as its control pin system_i/FrequencyCounter/frequency_counter_0/inst/clock_counter_next_reg[15]/G is not reached by a timing clock
Related violations: <none>

TIMING-20#8 Warning
Non-clocked latch  
The latch system_i/FrequencyCounter/frequency_counter_0/inst/clock_counter_next_reg[16] cannot be properly analyzed as its control pin system_i/FrequencyCounter/frequency_counter_0/inst/clock_counter_next_reg[16]/G is not reached by a timing clock
Related violations: <none>

TIMING-20#9 Warning
Non-clocked latch  
The latch system_i/FrequencyCounter/frequency_counter_0/inst/clock_counter_next_reg[17] cannot be properly analyzed as its control pin system_i/FrequencyCounter/frequency_counter_0/inst/clock_counter_next_reg[17]/G is not reached by a timing clock
Related violations: <none>

TIMING-20#10 Warning
Non-clocked latch  
The latch system_i/FrequencyCounter/frequency_counter_0/inst/clock_counter_next_reg[18] cannot be properly analyzed as its control pin system_i/FrequencyCounter/frequency_counter_0/inst/clock_counter_next_reg[18]/G is not reached by a timing clock
Related violations: <none>

TIMING-20#11 Warning
Non-clocked latch  
The latch system_i/FrequencyCounter/frequency_counter_0/inst/clock_counter_next_reg[19] cannot be properly analyzed as its control pin system_i/FrequencyCounter/frequency_counter_0/inst/clock_counter_next_reg[19]/G is not reached by a timing clock
Related violations: <none>

TIMING-20#12 Warning
Non-clocked latch  
The latch system_i/FrequencyCounter/frequency_counter_0/inst/clock_counter_next_reg[1] cannot be properly analyzed as its control pin system_i/FrequencyCounter/frequency_counter_0/inst/clock_counter_next_reg[1]/G is not reached by a timing clock
Related violations: <none>

TIMING-20#13 Warning
Non-clocked latch  
The latch system_i/FrequencyCounter/frequency_counter_0/inst/clock_counter_next_reg[20] cannot be properly analyzed as its control pin system_i/FrequencyCounter/frequency_counter_0/inst/clock_counter_next_reg[20]/G is not reached by a timing clock
Related violations: <none>

TIMING-20#14 Warning
Non-clocked latch  
The latch system_i/FrequencyCounter/frequency_counter_0/inst/clock_counter_next_reg[21] cannot be properly analyzed as its control pin system_i/FrequencyCounter/frequency_counter_0/inst/clock_counter_next_reg[21]/G is not reached by a timing clock
Related violations: <none>

TIMING-20#15 Warning
Non-clocked latch  
The latch system_i/FrequencyCounter/frequency_counter_0/inst/clock_counter_next_reg[22] cannot be properly analyzed as its control pin system_i/FrequencyCounter/frequency_counter_0/inst/clock_counter_next_reg[22]/G is not reached by a timing clock
Related violations: <none>

TIMING-20#16 Warning
Non-clocked latch  
The latch system_i/FrequencyCounter/frequency_counter_0/inst/clock_counter_next_reg[23] cannot be properly analyzed as its control pin system_i/FrequencyCounter/frequency_counter_0/inst/clock_counter_next_reg[23]/G is not reached by a timing clock
Related violations: <none>

TIMING-20#17 Warning
Non-clocked latch  
The latch system_i/FrequencyCounter/frequency_counter_0/inst/clock_counter_next_reg[24] cannot be properly analyzed as its control pin system_i/FrequencyCounter/frequency_counter_0/inst/clock_counter_next_reg[24]/G is not reached by a timing clock
Related violations: <none>

TIMING-20#18 Warning
Non-clocked latch  
The latch system_i/FrequencyCounter/frequency_counter_0/inst/clock_counter_next_reg[25] cannot be properly analyzed as its control pin system_i/FrequencyCounter/frequency_counter_0/inst/clock_counter_next_reg[25]/G is not reached by a timing clock
Related violations: <none>

TIMING-20#19 Warning
Non-clocked latch  
The latch system_i/FrequencyCounter/frequency_counter_0/inst/clock_counter_next_reg[26] cannot be properly analyzed as its control pin system_i/FrequencyCounter/frequency_counter_0/inst/clock_counter_next_reg[26]/G is not reached by a timing clock
Related violations: <none>

TIMING-20#20 Warning
Non-clocked latch  
The latch system_i/FrequencyCounter/frequency_counter_0/inst/clock_counter_next_reg[27] cannot be properly analyzed as its control pin system_i/FrequencyCounter/frequency_counter_0/inst/clock_counter_next_reg[27]/G is not reached by a timing clock
Related violations: <none>

TIMING-20#21 Warning
Non-clocked latch  
The latch system_i/FrequencyCounter/frequency_counter_0/inst/clock_counter_next_reg[28] cannot be properly analyzed as its control pin system_i/FrequencyCounter/frequency_counter_0/inst/clock_counter_next_reg[28]/G is not reached by a timing clock
Related violations: <none>

TIMING-20#22 Warning
Non-clocked latch  
The latch system_i/FrequencyCounter/frequency_counter_0/inst/clock_counter_next_reg[29] cannot be properly analyzed as its control pin system_i/FrequencyCounter/frequency_counter_0/inst/clock_counter_next_reg[29]/G is not reached by a timing clock
Related violations: <none>

TIMING-20#23 Warning
Non-clocked latch  
The latch system_i/FrequencyCounter/frequency_counter_0/inst/clock_counter_next_reg[2] cannot be properly analyzed as its control pin system_i/FrequencyCounter/frequency_counter_0/inst/clock_counter_next_reg[2]/G is not reached by a timing clock
Related violations: <none>

TIMING-20#24 Warning
Non-clocked latch  
The latch system_i/FrequencyCounter/frequency_counter_0/inst/clock_counter_next_reg[30] cannot be properly analyzed as its control pin system_i/FrequencyCounter/frequency_counter_0/inst/clock_counter_next_reg[30]/G is not reached by a timing clock
Related violations: <none>

TIMING-20#25 Warning
Non-clocked latch  
The latch system_i/FrequencyCounter/frequency_counter_0/inst/clock_counter_next_reg[31] cannot be properly analyzed as its control pin system_i/FrequencyCounter/frequency_counter_0/inst/clock_counter_next_reg[31]/G is not reached by a timing clock
Related violations: <none>

TIMING-20#26 Warning
Non-clocked latch  
The latch system_i/FrequencyCounter/frequency_counter_0/inst/clock_counter_next_reg[3] cannot be properly analyzed as its control pin system_i/FrequencyCounter/frequency_counter_0/inst/clock_counter_next_reg[3]/G is not reached by a timing clock
Related violations: <none>

TIMING-20#27 Warning
Non-clocked latch  
The latch system_i/FrequencyCounter/frequency_counter_0/inst/clock_counter_next_reg[4] cannot be properly analyzed as its control pin system_i/FrequencyCounter/frequency_counter_0/inst/clock_counter_next_reg[4]/G is not reached by a timing clock
Related violations: <none>

TIMING-20#28 Warning
Non-clocked latch  
The latch system_i/FrequencyCounter/frequency_counter_0/inst/clock_counter_next_reg[5] cannot be properly analyzed as its control pin system_i/FrequencyCounter/frequency_counter_0/inst/clock_counter_next_reg[5]/G is not reached by a timing clock
Related violations: <none>

TIMING-20#29 Warning
Non-clocked latch  
The latch system_i/FrequencyCounter/frequency_counter_0/inst/clock_counter_next_reg[6] cannot be properly analyzed as its control pin system_i/FrequencyCounter/frequency_counter_0/inst/clock_counter_next_reg[6]/G is not reached by a timing clock
Related violations: <none>

TIMING-20#30 Warning
Non-clocked latch  
The latch system_i/FrequencyCounter/frequency_counter_0/inst/clock_counter_next_reg[7] cannot be properly analyzed as its control pin system_i/FrequencyCounter/frequency_counter_0/inst/clock_counter_next_reg[7]/G is not reached by a timing clock
Related violations: <none>

TIMING-20#31 Warning
Non-clocked latch  
The latch system_i/FrequencyCounter/frequency_counter_0/inst/clock_counter_next_reg[8] cannot be properly analyzed as its control pin system_i/FrequencyCounter/frequency_counter_0/inst/clock_counter_next_reg[8]/G is not reached by a timing clock
Related violations: <none>

TIMING-20#32 Warning
Non-clocked latch  
The latch system_i/FrequencyCounter/frequency_counter_0/inst/clock_counter_next_reg[9] cannot be properly analyzed as its control pin system_i/FrequencyCounter/frequency_counter_0/inst/clock_counter_next_reg[9]/G is not reached by a timing clock
Related violations: <none>

TIMING-20#33 Warning
Non-clocked latch  
The latch system_i/FrequencyCounter/frequency_counter_0/inst/counter_output_next_reg[0] cannot be properly analyzed as its control pin system_i/FrequencyCounter/frequency_counter_0/inst/counter_output_next_reg[0]/G is not reached by a timing clock
Related violations: <none>

TIMING-20#34 Warning
Non-clocked latch  
The latch system_i/FrequencyCounter/frequency_counter_0/inst/counter_output_next_reg[10] cannot be properly analyzed as its control pin system_i/FrequencyCounter/frequency_counter_0/inst/counter_output_next_reg[10]/G is not reached by a timing clock
Related violations: <none>

TIMING-20#35 Warning
Non-clocked latch  
The latch system_i/FrequencyCounter/frequency_counter_0/inst/counter_output_next_reg[11] cannot be properly analyzed as its control pin system_i/FrequencyCounter/frequency_counter_0/inst/counter_output_next_reg[11]/G is not reached by a timing clock
Related violations: <none>

TIMING-20#36 Warning
Non-clocked latch  
The latch system_i/FrequencyCounter/frequency_counter_0/inst/counter_output_next_reg[12] cannot be properly analyzed as its control pin system_i/FrequencyCounter/frequency_counter_0/inst/counter_output_next_reg[12]/G is not reached by a timing clock
Related violations: <none>

TIMING-20#37 Warning
Non-clocked latch  
The latch system_i/FrequencyCounter/frequency_counter_0/inst/counter_output_next_reg[13] cannot be properly analyzed as its control pin system_i/FrequencyCounter/frequency_counter_0/inst/counter_output_next_reg[13]/G is not reached by a timing clock
Related violations: <none>

TIMING-20#38 Warning
Non-clocked latch  
The latch system_i/FrequencyCounter/frequency_counter_0/inst/counter_output_next_reg[14] cannot be properly analyzed as its control pin system_i/FrequencyCounter/frequency_counter_0/inst/counter_output_next_reg[14]/G is not reached by a timing clock
Related violations: <none>

TIMING-20#39 Warning
Non-clocked latch  
The latch system_i/FrequencyCounter/frequency_counter_0/inst/counter_output_next_reg[15] cannot be properly analyzed as its control pin system_i/FrequencyCounter/frequency_counter_0/inst/counter_output_next_reg[15]/G is not reached by a timing clock
Related violations: <none>

TIMING-20#40 Warning
Non-clocked latch  
The latch system_i/FrequencyCounter/frequency_counter_0/inst/counter_output_next_reg[16] cannot be properly analyzed as its control pin system_i/FrequencyCounter/frequency_counter_0/inst/counter_output_next_reg[16]/G is not reached by a timing clock
Related violations: <none>

TIMING-20#41 Warning
Non-clocked latch  
The latch system_i/FrequencyCounter/frequency_counter_0/inst/counter_output_next_reg[17] cannot be properly analyzed as its control pin system_i/FrequencyCounter/frequency_counter_0/inst/counter_output_next_reg[17]/G is not reached by a timing clock
Related violations: <none>

TIMING-20#42 Warning
Non-clocked latch  
The latch system_i/FrequencyCounter/frequency_counter_0/inst/counter_output_next_reg[18] cannot be properly analyzed as its control pin system_i/FrequencyCounter/frequency_counter_0/inst/counter_output_next_reg[18]/G is not reached by a timing clock
Related violations: <none>

TIMING-20#43 Warning
Non-clocked latch  
The latch system_i/FrequencyCounter/frequency_counter_0/inst/counter_output_next_reg[19] cannot be properly analyzed as its control pin system_i/FrequencyCounter/frequency_counter_0/inst/counter_output_next_reg[19]/G is not reached by a timing clock
Related violations: <none>

TIMING-20#44 Warning
Non-clocked latch  
The latch system_i/FrequencyCounter/frequency_counter_0/inst/counter_output_next_reg[1] cannot be properly analyzed as its control pin system_i/FrequencyCounter/frequency_counter_0/inst/counter_output_next_reg[1]/G is not reached by a timing clock
Related violations: <none>

TIMING-20#45 Warning
Non-clocked latch  
The latch system_i/FrequencyCounter/frequency_counter_0/inst/counter_output_next_reg[20] cannot be properly analyzed as its control pin system_i/FrequencyCounter/frequency_counter_0/inst/counter_output_next_reg[20]/G is not reached by a timing clock
Related violations: <none>

TIMING-20#46 Warning
Non-clocked latch  
The latch system_i/FrequencyCounter/frequency_counter_0/inst/counter_output_next_reg[21] cannot be properly analyzed as its control pin system_i/FrequencyCounter/frequency_counter_0/inst/counter_output_next_reg[21]/G is not reached by a timing clock
Related violations: <none>

TIMING-20#47 Warning
Non-clocked latch  
The latch system_i/FrequencyCounter/frequency_counter_0/inst/counter_output_next_reg[22] cannot be properly analyzed as its control pin system_i/FrequencyCounter/frequency_counter_0/inst/counter_output_next_reg[22]/G is not reached by a timing clock
Related violations: <none>

TIMING-20#48 Warning
Non-clocked latch  
The latch system_i/FrequencyCounter/frequency_counter_0/inst/counter_output_next_reg[23] cannot be properly analyzed as its control pin system_i/FrequencyCounter/frequency_counter_0/inst/counter_output_next_reg[23]/G is not reached by a timing clock
Related violations: <none>

TIMING-20#49 Warning
Non-clocked latch  
The latch system_i/FrequencyCounter/frequency_counter_0/inst/counter_output_next_reg[24] cannot be properly analyzed as its control pin system_i/FrequencyCounter/frequency_counter_0/inst/counter_output_next_reg[24]/G is not reached by a timing clock
Related violations: <none>

TIMING-20#50 Warning
Non-clocked latch  
The latch system_i/FrequencyCounter/frequency_counter_0/inst/counter_output_next_reg[25] cannot be properly analyzed as its control pin system_i/FrequencyCounter/frequency_counter_0/inst/counter_output_next_reg[25]/G is not reached by a timing clock
Related violations: <none>

TIMING-20#51 Warning
Non-clocked latch  
The latch system_i/FrequencyCounter/frequency_counter_0/inst/counter_output_next_reg[26] cannot be properly analyzed as its control pin system_i/FrequencyCounter/frequency_counter_0/inst/counter_output_next_reg[26]/G is not reached by a timing clock
Related violations: <none>

TIMING-20#52 Warning
Non-clocked latch  
The latch system_i/FrequencyCounter/frequency_counter_0/inst/counter_output_next_reg[27] cannot be properly analyzed as its control pin system_i/FrequencyCounter/frequency_counter_0/inst/counter_output_next_reg[27]/G is not reached by a timing clock
Related violations: <none>

TIMING-20#53 Warning
Non-clocked latch  
The latch system_i/FrequencyCounter/frequency_counter_0/inst/counter_output_next_reg[28] cannot be properly analyzed as its control pin system_i/FrequencyCounter/frequency_counter_0/inst/counter_output_next_reg[28]/G is not reached by a timing clock
Related violations: <none>

TIMING-20#54 Warning
Non-clocked latch  
The latch system_i/FrequencyCounter/frequency_counter_0/inst/counter_output_next_reg[29] cannot be properly analyzed as its control pin system_i/FrequencyCounter/frequency_counter_0/inst/counter_output_next_reg[29]/G is not reached by a timing clock
Related violations: <none>

TIMING-20#55 Warning
Non-clocked latch  
The latch system_i/FrequencyCounter/frequency_counter_0/inst/counter_output_next_reg[2] cannot be properly analyzed as its control pin system_i/FrequencyCounter/frequency_counter_0/inst/counter_output_next_reg[2]/G is not reached by a timing clock
Related violations: <none>

TIMING-20#56 Warning
Non-clocked latch  
The latch system_i/FrequencyCounter/frequency_counter_0/inst/counter_output_next_reg[30] cannot be properly analyzed as its control pin system_i/FrequencyCounter/frequency_counter_0/inst/counter_output_next_reg[30]/G is not reached by a timing clock
Related violations: <none>

TIMING-20#57 Warning
Non-clocked latch  
The latch system_i/FrequencyCounter/frequency_counter_0/inst/counter_output_next_reg[31] cannot be properly analyzed as its control pin system_i/FrequencyCounter/frequency_counter_0/inst/counter_output_next_reg[31]/G is not reached by a timing clock
Related violations: <none>

TIMING-20#58 Warning
Non-clocked latch  
The latch system_i/FrequencyCounter/frequency_counter_0/inst/counter_output_next_reg[3] cannot be properly analyzed as its control pin system_i/FrequencyCounter/frequency_counter_0/inst/counter_output_next_reg[3]/G is not reached by a timing clock
Related violations: <none>

TIMING-20#59 Warning
Non-clocked latch  
The latch system_i/FrequencyCounter/frequency_counter_0/inst/counter_output_next_reg[4] cannot be properly analyzed as its control pin system_i/FrequencyCounter/frequency_counter_0/inst/counter_output_next_reg[4]/G is not reached by a timing clock
Related violations: <none>

TIMING-20#60 Warning
Non-clocked latch  
The latch system_i/FrequencyCounter/frequency_counter_0/inst/counter_output_next_reg[5] cannot be properly analyzed as its control pin system_i/FrequencyCounter/frequency_counter_0/inst/counter_output_next_reg[5]/G is not reached by a timing clock
Related violations: <none>

TIMING-20#61 Warning
Non-clocked latch  
The latch system_i/FrequencyCounter/frequency_counter_0/inst/counter_output_next_reg[6] cannot be properly analyzed as its control pin system_i/FrequencyCounter/frequency_counter_0/inst/counter_output_next_reg[6]/G is not reached by a timing clock
Related violations: <none>

TIMING-20#62 Warning
Non-clocked latch  
The latch system_i/FrequencyCounter/frequency_counter_0/inst/counter_output_next_reg[7] cannot be properly analyzed as its control pin system_i/FrequencyCounter/frequency_counter_0/inst/counter_output_next_reg[7]/G is not reached by a timing clock
Related violations: <none>

TIMING-20#63 Warning
Non-clocked latch  
The latch system_i/FrequencyCounter/frequency_counter_0/inst/counter_output_next_reg[8] cannot be properly analyzed as its control pin system_i/FrequencyCounter/frequency_counter_0/inst/counter_output_next_reg[8]/G is not reached by a timing clock
Related violations: <none>

TIMING-20#64 Warning
Non-clocked latch  
The latch system_i/FrequencyCounter/frequency_counter_0/inst/counter_output_next_reg[9] cannot be properly analyzed as its control pin system_i/FrequencyCounter/frequency_counter_0/inst/counter_output_next_reg[9]/G is not reached by a timing clock
Related violations: <none>

XDCC-5#1 Warning
User Non-Timing constraint/property overwritten  
A new XDC property IOSTANDARD on dac_pwm_o[0] overrides a previous user property.
New Source: C:/Users/Purcell/Documents/RedPitayaPractice/Pulse-counting/Frequency_counter/cfg/ports.xdc (Line: 111)
Previous Source: C:/Users/Purcell/Documents/RedPitayaPractice/Pulse-counting/Frequency_counter/cfg/ports.xdc (Line: 99)
Related violations: <none>

XDCC-5#2 Warning
User Non-Timing constraint/property overwritten  
A new XDC property IOSTANDARD on dac_pwm_o[1] overrides a previous user property.
New Source: C:/Users/Purcell/Documents/RedPitayaPractice/Pulse-counting/Frequency_counter/cfg/ports.xdc (Line: 111)
Previous Source: C:/Users/Purcell/Documents/RedPitayaPractice/Pulse-counting/Frequency_counter/cfg/ports.xdc (Line: 99)
Related violations: <none>

XDCC-5#3 Warning
User Non-Timing constraint/property overwritten  
A new XDC property IOSTANDARD on dac_pwm_o[2] overrides a previous user property.
New Source: C:/Users/Purcell/Documents/RedPitayaPractice/Pulse-counting/Frequency_counter/cfg/ports.xdc (Line: 111)
Previous Source: C:/Users/Purcell/Documents/RedPitayaPractice/Pulse-counting/Frequency_counter/cfg/ports.xdc (Line: 99)
Related violations: <none>

XDCC-5#4 Warning
User Non-Timing constraint/property overwritten  
A new XDC property IOSTANDARD on dac_pwm_o[3] overrides a previous user property.
New Source: C:/Users/Purcell/Documents/RedPitayaPractice/Pulse-counting/Frequency_counter/cfg/ports.xdc (Line: 111)
Previous Source: C:/Users/Purcell/Documents/RedPitayaPractice/Pulse-counting/Frequency_counter/cfg/ports.xdc (Line: 99)
Related violations: <none>


